 JavaAccessBridge

 Timestamp is 597bff18 (Sat Jul 29 11:20:56 2017)

 Preferred load address is 0000000180000000

 Start         Length     Name                   Class
 0001:00000000 0000d4c0H .text$mn                CODE
 0001:0000d4c0 00000020H .text$mn$00             CODE
 0001:0000d4e0 00000260H .text$x                 CODE
 0002:00000000 000002b8H .idata$5                DATA
 0002:000002b8 00000010H .00cfg                  DATA
 0002:000002c8 00000008H .CRT$XCA                DATA
 0002:000002d0 00000008H .CRT$XCU                DATA
 0002:000002d8 00000008H .CRT$XCZ                DATA
 0002:000002e0 00000008H .CRT$XIA                DATA
 0002:000002e8 00000018H .CRT$XIC                DATA
 0002:00000300 00000008H .CRT$XIZ                DATA
 0002:00000308 00000008H .CRT$XPA                DATA
 0002:00000310 00000010H .CRT$XPX                DATA
 0002:00000320 00000008H .CRT$XPXA               DATA
 0002:00000328 00000008H .CRT$XPZ                DATA
 0002:00000330 00000008H .CRT$XTA                DATA
 0002:00000338 00000008H .CRT$XTZ                DATA
 0002:00000340 000075d8H .rdata                  DATA
 0002:00007918 00000384H .rdata$r                DATA
 0002:00007c9c 000003d4H .rdata$zzzdbg           DATA
 0002:00008070 00000008H .rtc$IAA                DATA
 0002:00008078 00000008H .rtc$IZZ                DATA
 0002:00008080 00000008H .rtc$TAA                DATA
 0002:00008088 00000008H .rtc$TZZ                DATA
 0002:00008090 00000d50H .xdata                  DATA
 0002:00008de0 000001e4H .xdata$x                DATA
 0002:00008fc4 00000020H .didat$2                DATA
 0002:00008fe4 00000024H .didat$3                DATA
 0002:00009008 000000d8H .didat$4                DATA
 0002:000090e0 00000570H .didat$6                DATA
 0002:00009650 000000e0H .didat$7                DATA
 0002:00009730 00000064H .edata                  DATA
 0002:00009794 00000028H .idata$2                DATA
 0002:000097bc 00000014H .idata$3                DATA
 0002:000097d0 000002b8H .idata$4                DATA
 0002:00009a88 00000632H .idata$6                DATA
 0003:00000000 00000920H .data                   DATA
 0003:00000920 00000118H .data$r                 DATA
 0003:00000a38 000000d8H .didat$5                DATA
 0003:00000b10 00001268H .bss                    DATA
 0004:00000000 00000ff0H .pdata                  DATA
 0005:00000000 00000080H .gfids$x                DATA
 0005:00000080 00000048H .gfids$y                DATA
 0006:00000000 00000060H .rsrc$01                DATA
 0006:00000060 00000180H .rsrc$02                DATA

  Address         Publics by Value              Rva+Base               Lib:Object

 0000:00000000       __guard_iat_count          0000000000000000     <absolute>
 0000:00000000       __dynamic_value_reloc_table 0000000000000000     <absolute>
 0000:00000000       __guard_iat_table          0000000000000000     <absolute>
 0000:00000000       __guard_longjmp_table      0000000000000000     <absolute>
 0000:00000000       __guard_longjmp_count      0000000000000000     <absolute>
 0000:00000000       __guard_fids_count         0000000000000000     <absolute>
 0000:00000000       ___safe_se_handler_table   0000000000000000     <absolute>
 0000:00000000       ___safe_se_handler_count   0000000000000000     <absolute>
 0000:00000000       __guard_fids_table         0000000000000000     <absolute>
 0000:00000100       __guard_flags              0000000000000100     <absolute>
 0000:00000000       __ImageBase                0000000180000000     <linker-defined>
 0001:00000000       ?NODE_SET_METHOD@node@@YAXV?$Local@VObject@v8@@@v8@@PEBDP6AXAEBV?$FunctionCallbackInfo@VValue@v8@@@3@@Z@Z 0000000180001000 f i jab.obj
 0001:000000d0       ?WndProc@@YA_JPEAUHWND__@@I_K_J@Z 00000001800010d0 f   jab.obj
 0001:00000110       ?Exports_initializeAccessBridge@@YAXAEBV?$FunctionCallbackInfo@VValue@v8@@@v8@@@Z 0000000180001110 f   jab.obj
 0001:00000370       ?Exports_IsJavaWindow@@YAXAEBV?$FunctionCallbackInfo@VValue@v8@@@v8@@@Z 0000000180001370 f   jab.obj
 0001:00000430       ?VMAccessibleContextToObject@@YA?AV?$Local@VObject@v8@@@v8@@PEAVIsolate@2@J_J@Z 0000000180001430 f   jab.obj
 0001:00000530       ?Exports_GetAccessibleContextFromHWND@@YAXAEBV?$FunctionCallbackInfo@VValue@v8@@@v8@@@Z 0000000180001530 f   jab.obj
 0001:00000620       ?getAC@@YA_JPEAVIsolate@v8@@V?$Local@VObject@v8@@@2@@Z 0000000180001620 f   jab.obj
 0001:000006d0       ?Exports_getHWNDFromAccessibleContext@@YAXAEBV?$FunctionCallbackInfo@VValue@v8@@@v8@@@Z 00000001800016d0 f   jab.obj
 0001:00000810       ?AccessibleContextInfoToObject@@YA?AV?$Local@VObject@v8@@@v8@@PEAVIsolate@2@J_JPEAUAccessibleContextInfoTag@@@Z 0000000180001810 f   jab.obj
 0001:00000d60       ?Exports_GetAccessibleContextInfo@@YAXAEBV?$FunctionCallbackInfo@VValue@v8@@@v8@@@Z 0000000180001d60 f   jab.obj
 0001:00000f00       ?Exports_GetAcessContextByArray@@YAXAEBV?$FunctionCallbackInfo@VValue@v8@@@v8@@@Z 0000000180001f00 f   jab.obj
 0001:00001150       ?FindAccessContext@@YA_JJ_JPEB_W@Z 0000000180002150 f   jab.obj
 0001:00001250       ?Utf8ToUtf16@@YA?AV?$basic_string@_WU?$char_traits@_W@std@@V?$allocator@_W@2@@std@@PEBD@Z 0000000180002250 f   jab.obj
 0001:00001310       ?Exports_FindAccessContext@@YAXAEBV?$FunctionCallbackInfo@VValue@v8@@@v8@@@Z 0000000180002310 f   jab.obj
 0001:000015d0       ?Exports_setTextContents@@YAXAEBV?$FunctionCallbackInfo@VValue@v8@@@v8@@@Z 00000001800025d0 f   jab.obj
 0001:00001820       ?Exports_selectTextRange@@YAXAEBV?$FunctionCallbackInfo@VValue@v8@@@v8@@@Z 0000000180002820 f   jab.obj
 0001:00001a30       ?Exports_SelectAllAccessibleSelectionFromContext@@YAXAEBV?$FunctionCallbackInfo@VValue@v8@@@v8@@@Z 0000000180002a30 f   jab.obj
 0001:00001b60       ?Exports_GetAccessibleSelectionCountFromContext@@YAXAEBV?$FunctionCallbackInfo@VValue@v8@@@v8@@@Z 0000000180002b60 f   jab.obj
 0001:00001cb0       ?Exports_GetAccessibleSelectionFromContext@@YAXAEBV?$FunctionCallbackInfo@VValue@v8@@@v8@@@Z 0000000180002cb0 f   jab.obj
 0001:00001ec0       ?Exports_AddAccessibleSelectionFromContext@@YAXAEBV?$FunctionCallbackInfo@VValue@v8@@@v8@@@Z 0000000180002ec0 f   jab.obj
 0001:00002060       ?Init@@YAXV?$Local@VObject@v8@@@v8@@@Z 0000000180003060 f   jab.obj
 0001:00002380       ??1?$basic_string@_WU?$char_traits@_W@std@@V?$allocator@_W@2@@std@@QEAA@XZ 0000000180003380 f i jab.obj
 0001:00002420       ?assign@?$basic_string@_WU?$char_traits@_W@std@@V?$allocator@_W@2@@std@@QEAAAEAV12@PEB_W_K@Z 0000000180003420 f i jab.obj
 0001:00002570       ?assign@?$basic_string@_WU?$char_traits@_W@std@@V?$allocator@_W@2@@std@@QEAAAEAV12@AEBV12@_K1@Z 0000000180003570 f i jab.obj
 0001:000026c0       ?_Copy@?$basic_string@_WU?$char_traits@_W@std@@V?$allocator@_W@2@@std@@QEAAX_K0@Z 00000001800036c0 f i jab.obj
 0001:00002880       ?erase@?$basic_string@_WU?$char_traits@_W@std@@V?$allocator@_W@2@@std@@QEAAAEAV12@_K0@Z 0000000180003880 f i jab.obj
 0001:0000295c       __imp_load_?New@Integer@v8@@SA?AV?$Local@VInteger@v8@@@2@PEAVIsolate@2@H@Z 000000018000395c f   node:node.exe
 0001:00002968       __tailMerge_node_exe       0000000180003968 f i node:node.exe
 0001:000029e1       __imp_load_?GetCurrent@Isolate@v8@@SAPEAV12@XZ 00000001800039e1 f   node:node.exe
 0001:000029ed       __imp_load_??1HandleScope@v8@@QEAA@XZ 00000001800039ed f   node:node.exe
 0001:000029f9       __imp_load_??0HandleScope@v8@@QEAA@PEAVIsolate@1@@Z 00000001800039f9 f   node:node.exe
 0001:00002a05       __imp_load_?Length@Array@v8@@QEBAIXZ 0000000180003a05 f   node:node.exe
 0001:00002a11       __imp_load_?GetFunction@FunctionTemplate@v8@@QEAA?AV?$Local@VFunction@v8@@@2@XZ 0000000180003a11 f   node:node.exe
 0001:00002a1d       __imp_load_?New@FunctionTemplate@v8@@SA?AV?$Local@VFunctionTemplate@v8@@@2@PEAVIsolate@2@P6AXAEBV?$FunctionCallbackInfo@VValue@v8@@@2@@ZV?$Local@VValue@v8@@@2@V?$Local@VSignature@v8@@@2@H@Z 0000000180003a1d f   node:node.exe
 0001:00002a29       __imp_load_?Uint32Value@Value@v8@@QEBAIXZ 0000000180003a29 f   node:node.exe
 0001:00002a35       __imp_load_?IntegerValue@Value@v8@@QEBA_JXZ 0000000180003a35 f   node:node.exe
 0001:00002a41       __imp_load_?IsNumber@Value@v8@@QEBA_NXZ 0000000180003a41 f   node:node.exe
 0001:00002a4d       __imp_load_?IsObject@Value@v8@@QEBA_NXZ 0000000180003a4d f   node:node.exe
 0001:00002a59       __imp_load_?IsArray@Value@v8@@QEBA_NXZ 0000000180003a59 f   node:node.exe
 0001:00002a65       __imp_load_?Value@Uint32@v8@@QEBAIXZ 0000000180003a65 f   node:node.exe
 0001:00002a71       __imp_load_??1Utf8Value@String@v8@@QEAA@XZ 0000000180003a71 f   node:node.exe
 0001:00002a7d       __imp_load_??0Utf8Value@String@v8@@QEAA@V?$Local@VValue@v8@@@2@@Z 0000000180003a7d f   node:node.exe
 0001:00002a89       __imp_load_?NewFromTwoByte@String@v8@@SA?AV?$Local@VString@v8@@@2@PEAVIsolate@2@PEBGW4NewStringType@12@H@Z 0000000180003a89 f   node:node.exe
 0001:00002a95       __imp_load_?NewFromUtf8@String@v8@@SA?AV?$Local@VString@v8@@@2@PEAVIsolate@2@PEBDW4NewStringType@12@H@Z 0000000180003a95 f   node:node.exe
 0001:00002aa1       __imp_load_?Value@Int32@v8@@QEBAHXZ 0000000180003aa1 f   node:node.exe
 0001:00002aad       __imp_load_?New@Number@v8@@SA?AV?$Local@VNumber@v8@@@2@PEAVIsolate@2@N@Z 0000000180003aad f   node:node.exe
 0001:00002ab9       __imp_load_?New@Object@v8@@SA?AV?$Local@VObject@v8@@@2@PEAVIsolate@2@@Z 0000000180003ab9 f   node:node.exe
 0001:00002ac5       __imp_load_?Get@Object@v8@@QEAA?AV?$Local@VValue@v8@@@2@V32@@Z 0000000180003ac5 f   node:node.exe
 0001:00002ad1       __imp_load_?Get@Object@v8@@QEAA?AV?$Local@VValue@v8@@@2@I@Z 0000000180003ad1 f   node:node.exe
 0001:00002add       __imp_load_?Set@Object@v8@@QEAA_NV?$Local@VValue@v8@@@2@0@Z 0000000180003add f   node:node.exe
 0001:00002ae9       __imp_load_?SetName@Function@v8@@QEAAXV?$Local@VString@v8@@@2@@Z 0000000180003ae9 f   node:node.exe
 0001:00002af5       __imp_load_node_module_register 0000000180003af5 f   node:node.exe
 0001:00002b01       __imp_load_?ToString@Value@v8@@QEBA?AV?$Local@VString@v8@@@2@XZ 0000000180003b01 f   node:node.exe
 0001:00002b10       ??0bad_alloc@std@@QEAA@AEBV01@@Z 0000000180003b10 f i libcpmt:xthrow.obj
 0001:00002b50       ??0bad_alloc@std@@QEAA@XZ  0000000180003b50 f i libcpmt:xthrow.obj
 0001:00002b70       ??0exception@std@@QEAA@AEBV01@@Z 0000000180003b70 f i libcpmt:xthrow.obj
 0001:00002ba8       ??0length_error@std@@QEAA@AEBV01@@Z 0000000180003ba8 f i libcpmt:xthrow.obj
 0001:00002be8       ??0length_error@std@@QEAA@PEBD@Z 0000000180003be8 f i libcpmt:xthrow.obj
 0001:00002c34       ??0logic_error@std@@QEAA@AEBV01@@Z 0000000180003c34 f i libcpmt:xthrow.obj
 0001:00002c74       ??0out_of_range@std@@QEAA@AEBV01@@Z 0000000180003c74 f i libcpmt:xthrow.obj
 0001:00002cb4       ??0out_of_range@std@@QEAA@PEBD@Z 0000000180003cb4 f i libcpmt:xthrow.obj
 0001:00002d00       ??1bad_alloc@std@@UEAA@XZ  0000000180003d00 f i libcpmt:xthrow.obj
 0001:00002d00       ??1out_of_range@std@@UEAA@XZ 0000000180003d00 f i libcpmt:xthrow.obj
 0001:00002d00       ??1length_error@std@@UEAA@XZ 0000000180003d00 f i libcpmt:xthrow.obj
 0001:00002d00       ??1bad_array_new_length@std@@UEAA@XZ 0000000180003d00 f i LIBCMT:throw_bad_alloc.obj
 0001:00002d14       ??_Glogic_error@std@@UEAAPEAXI@Z 0000000180003d14 f i libcpmt:xthrow.obj
 0001:00002d14       ??_Glength_error@std@@UEAAPEAXI@Z 0000000180003d14 f i libcpmt:xthrow.obj
 0001:00002d14       ??_Gout_of_range@std@@UEAAPEAXI@Z 0000000180003d14 f i libcpmt:xthrow.obj
 0001:00002d14       ??_Ebad_array_new_length@std@@UEAAPEAXI@Z 0000000180003d14 f i LIBCMT:throw_bad_alloc.obj
 0001:00002d14       ??_Gbad_array_new_length@std@@UEAAPEAXI@Z 0000000180003d14 f i LIBCMT:throw_bad_alloc.obj
 0001:00002d14       ??_Elogic_error@std@@UEAAPEAXI@Z 0000000180003d14 f i libcpmt:xthrow.obj
 0001:00002d14       ??_Gexception@std@@UEAAPEAXI@Z 0000000180003d14 f i libcpmt:xthrow.obj
 0001:00002d14       ??_Eexception@std@@UEAAPEAXI@Z 0000000180003d14 f i libcpmt:xthrow.obj
 0001:00002d14       ??_Elength_error@std@@UEAAPEAXI@Z 0000000180003d14 f i libcpmt:xthrow.obj
 0001:00002d14       ??_Ebad_alloc@std@@UEAAPEAXI@Z 0000000180003d14 f i libcpmt:xthrow.obj
 0001:00002d14       ??_Gbad_alloc@std@@UEAAPEAXI@Z 0000000180003d14 f i libcpmt:xthrow.obj
 0001:00002d14       ??_Eout_of_range@std@@UEAAPEAXI@Z 0000000180003d14 f i libcpmt:xthrow.obj
 0001:00002d58       ?_Xbad_alloc@std@@YAXXZ    0000000180003d58 f   libcpmt:xthrow.obj
 0001:00002d58       ?__scrt_throw_std_bad_alloc@@YAXXZ 0000000180003d58 f   LIBCMT:throw_bad_alloc.obj
 0001:00002d78       ?_Xlength_error@std@@YAXPEBD@Z 0000000180003d78 f   libcpmt:xthrow.obj
 0001:00002d9c       ?_Xout_of_range@std@@YAXPEBD@Z 0000000180003d9c f   libcpmt:xthrow.obj
 0001:00002dc0       ?what@exception@std@@UEBAPEBDXZ 0000000180003dc0 f i libcpmt:xthrow.obj
 0001:00002df0       __security_check_cookie    0000000180003df0 f   LIBCMT:_amdsecgs_.obj
 0001:00002e14       ??3@YAXPEAX_K@Z            0000000180003e14 f   LIBCMT:delete_scalar_size.obj
 0001:00002e14       ??_V@YAXPEAX@Z             0000000180003e14 f   LIBCMT:delete_array.obj
 0001:00002e1c       ??2@YAPEAX_K@Z             0000000180003e1c f   LIBCMT:new_scalar.obj
 0001:00002e58       ??3@YAXPEAX@Z              0000000180003e58 f   LIBCMT:delete_scalar.obj
 0001:00002e60       ??_U@YAPEAX_K@Z            0000000180003e60 f   LIBCMT:new_array.obj
 0001:000031b4       _DllMainCRTStartup         00000001800041b4 f   LIBCMT:dll_dllmain.obj
 0001:000031f4       ??_Gtype_info@@UEAAPEAXI@Z 00000001800041f4 f i LIBCMT:std_type_info_static.obj
 0001:000031f4       ??_Etype_info@@UEAAPEAXI@Z 00000001800041f4 f i LIBCMT:std_type_info_static.obj
 0001:00003220       __raise_securityfailure    0000000180004220 f   LIBCMT:gs_report.obj
 0001:00003254       __report_gsfailure         0000000180004254 f   LIBCMT:gs_report.obj
 0001:00003328       __report_rangecheckfailure 0000000180004328 f   LIBCMT:gs_report.obj
 0001:0000333c       __report_securityfailure   000000018000433c f   LIBCMT:gs_report.obj
 0001:000034bc       ??0bad_array_new_length@std@@QEAA@AEBV01@@Z 00000001800044bc f i LIBCMT:throw_bad_alloc.obj
 0001:000034fc       ??0bad_array_new_length@std@@QEAA@XZ 00000001800044fc f i LIBCMT:throw_bad_alloc.obj
 0001:0000351c       ?__scrt_throw_std_bad_array_new_length@@YAXXZ 000000018000451c f   LIBCMT:throw_bad_alloc.obj
 0001:0000353c       __scrt_acquire_startup_lock 000000018000453c f   LIBCMT:utility.obj
 0001:00003578       __scrt_dllmain_after_initialize_c 0000000180004578 f   LIBCMT:utility.obj
 0001:000035ac       __scrt_dllmain_before_initialize_c 00000001800045ac f   LIBCMT:utility.obj
 0001:000035c4       __scrt_dllmain_crt_thread_attach 00000001800045c4 f   LIBCMT:utility.obj
 0001:000035ec       __scrt_dllmain_crt_thread_detach 00000001800045ec f   LIBCMT:utility.obj
 0001:00003604       __scrt_dllmain_exception_filter 0000000180004604 f   LIBCMT:utility.obj
 0001:00003668       __scrt_dllmain_uninitialize_c 0000000180004668 f   LIBCMT:utility.obj
 0001:00003698       __scrt_dllmain_uninitialize_critical 0000000180004698 f   LIBCMT:utility.obj
 0001:000036ac       __scrt_initialize_crt      00000001800046ac f   LIBCMT:utility.obj
 0001:000036f8       __scrt_initialize_onexit_tables 00000001800046f8 f   LIBCMT:utility.obj
 0001:000037c4       __scrt_is_nonwritable_in_current_image 00000001800047c4 f   LIBCMT:utility.obj
 0001:00003860       __scrt_release_startup_lock 0000000180004860 f   LIBCMT:utility.obj
 0001:00003884       __scrt_uninitialize_crt    0000000180004884 f   LIBCMT:utility.obj
 0001:000038b0       _onexit                    00000001800048b0 f   LIBCMT:utility.obj
 0001:00003900       atexit                     0000000180004900 f   LIBCMT:utility.obj
 0001:00003918       __security_init_cookie     0000000180004918 f   LIBCMT:gs_support.obj
 0001:000039c4       DllMain                    00000001800049c4 f   LIBCMT:dll_dllmain_stub.obj
 0001:000039c4       _get_startup_argv_mode     00000001800049c4 f   LIBCMT:argv_mode.obj
 0001:000039cc       ?__scrt_initialize_type_info@@YAXXZ 00000001800049cc f   LIBCMT:tncleanup.obj
 0001:000039dc       ?__scrt_uninitialize_type_info@@YAXXZ 00000001800049dc f   LIBCMT:tncleanup.obj
 0001:000039e8       __local_stdio_printf_options 00000001800049e8 f i LIBCMT:default_local_stdio_options.obj
 0001:000039f0       __local_stdio_scanf_options 00000001800049f0 f i LIBCMT:default_local_stdio_options.obj
 0001:000039f8       __scrt_initialize_default_local_stdio_options 00000001800049f8 f   LIBCMT:default_local_stdio_options.obj
 0001:00003a14       __scrt_get_dyn_tls_init_callback 0000000180004a14 f   LIBCMT:dyn_tls_init.obj
 0001:00003a1c       __crt_debugger_hook        0000000180004a1c f   LIBCMT:utility_desktop.obj
 0001:00003a24       __scrt_fastfail            0000000180004a24 f   LIBCMT:utility_desktop.obj
 0001:00003b6c       _RTC_Initialize            0000000180004b6c f   LIBCMT:_initsect_.obj
 0001:00003bb8       _RTC_Terminate             0000000180004bb8 f   LIBCMT:_initsect_.obj
 0001:00003c04       _guard_check_icall         0000000180004c04 f i LIBCMT:checkcfg.obj
 0001:00003c0c       __isa_available_init       0000000180004c0c f   LIBCMT:_cpu_disp_.obj
 0001:00003dd4       __scrt_is_ucrt_dll_in_use  0000000180004dd4 f   LIBCMT:ucrt_detection.obj
 0001:00003df0       memmove                    0000000180004df0 f   libvcruntime:memcpy.obj
 0001:00003df0       memcpy                     0000000180004df0 f   libvcruntime:memcpy.obj
 0001:00004228       __std_exception_copy       0000000180005228 f   libvcruntime:std_exception.obj
 0001:000042b8       __std_exception_destroy    00000001800052b8 f   libvcruntime:std_exception.obj
 0001:000042e0       _CxxThrowException         00000001800052e0 f   libvcruntime:throw.obj
 0001:000043b8       __C_specific_handler       00000001800053b8 f   libvcruntime:_chandler_.obj
 0001:000045b4       __vcrt_initialize          00000001800055b4 f   libvcruntime:initialization.obj
 0001:000045e8       __vcrt_thread_attach       00000001800055e8 f   libvcruntime:initialization.obj
 0001:000045fc       __vcrt_thread_detach       00000001800055fc f   libvcruntime:initialization.obj
 0001:00004610       __vcrt_uninitialize        0000000180005610 f   libvcruntime:initialization.obj
 0001:00004630       __vcrt_uninitialize_critical 0000000180005630 f   libvcruntime:initialization.obj
 0001:00004640       __std_type_info_destroy_list 0000000180005640 f   libvcruntime:std_type_info.obj
 0001:00004680       memset                     0000000180005680 f   libvcruntime:memset.obj
 0001:00004830       _local_unwind              0000000180005830 f   libvcruntime:_jmpuwind_.obj
 0001:00004860       _NLG_Notify                0000000180005860 f   libvcruntime:_jmpuwind_.obj
 0001:00004880       __NLG_Dispatch2            0000000180005880 f   libvcruntime:_jmpuwind_.obj
 0001:00004890       __NLG_Return2              0000000180005890 f   libvcruntime:_jmpuwind_.obj
 0001:00004894       _guard_check_icall_nop     0000000180005894 f   LIBCMT:guard_support.obj
 0001:00004894       __except_validate_context_record 0000000180005894 f   libvcruntime:jbcxrval.obj
 0001:00004898       __vcrt_freefls             0000000180005898 f   libvcruntime:per_thread_data.obj
 0001:000048b8       __vcrt_freeptd             00000001800058b8 f   libvcruntime:per_thread_data.obj
 0001:00004908       __vcrt_getptd_noexit       0000000180005908 f   libvcruntime:per_thread_data.obj
 0001:000049c0       __vcrt_initialize_ptd      00000001800059c0 f   libvcruntime:per_thread_data.obj
 0001:00004a00       __vcrt_uninitialize_ptd    0000000180005a00 f   libvcruntime:per_thread_data.obj
 0001:00004a24       __vcrt_initialize_locks    0000000180005a24 f   libvcruntime:locks.obj
 0001:00004a6c       __vcrt_uninitialize_locks  0000000180005a6c f   libvcruntime:locks.obj
 0001:00004c6c       __vcrt_FlsAlloc            0000000180005c6c f   libvcruntime:winapi_downlevel.obj
 0001:00004cc0       __vcrt_FlsFree             0000000180005cc0 f   libvcruntime:winapi_downlevel.obj
 0001:00004d14       __vcrt_FlsGetValue         0000000180005d14 f   libvcruntime:winapi_downlevel.obj
 0001:00004d68       __vcrt_FlsSetValue         0000000180005d68 f   libvcruntime:winapi_downlevel.obj
 0001:00004dd0       __vcrt_InitializeCriticalSectionEx 0000000180005dd0 f   libvcruntime:winapi_downlevel.obj
 0001:00004e48       __vcrt_initialize_winapi_thunks 0000000180005e48 f   libvcruntime:winapi_downlevel.obj
 0001:00004e94       __vcrt_uninitialize_winapi_thunks 0000000180005e94 f   libvcruntime:winapi_downlevel.obj
 0001:00004ed4       __vcrt_initialize_pure_virtual_call_handler 0000000180005ed4 f   libvcruntime:purevirt_data.obj
 0001:00004ef8       __acrt_call_reportfault    0000000180005ef8 f   libucrt:invalid_parameter.obj
 0001:00005054       __acrt_initialize_invalid_parameter_handler 0000000180006054 f   libucrt:invalid_parameter.obj
 0001:0000505c       _invalid_parameter         000000018000605c f   libucrt:invalid_parameter.obj
 0001:00005104       _invalid_parameter_noinfo  0000000180006104 f   libucrt:invalid_parameter.obj
 0001:00005124       _invalid_parameter_noinfo_noreturn 0000000180006124 f   libucrt:invalid_parameter.obj
 0001:00005154       _invoke_watson             0000000180006154 f   libucrt:invalid_parameter.obj
 0001:0000519c       ??0_LocaleUpdate@@QEAA@QEAU__crt_locale_pointers@@@Z 000000018000619c f i libucrt:stricmp.obj
 0001:0000522c       __ascii_stricmp            000000018000622c f   libucrt:stricmp.obj
 0001:00005268       _stricmp                   0000000180006268 f   libucrt:stricmp.obj
 0001:000052b0       _stricmp_l                 00000001800062b0 f   libucrt:stricmp.obj
 0001:00005364       __acrt_initialize_new_handler 0000000180006364 f   libucrt:new_handler.obj
 0001:0000536c       _callnewh                  000000018000636c f   libucrt:new_handler.obj
 0001:000053ac       _query_new_handler         00000001800063ac f   libucrt:new_handler.obj
 0001:000053e0       malloc                     00000001800063e0 f   libucrt:malloc.obj
 0001:000053e8       free                       00000001800063e8 f   libucrt:free.obj
 0001:000053f0       _initterm                  00000001800063f0 f   libucrt:initterm.obj
 0001:00005468       _initterm_e                0000000180006468 f   libucrt:initterm.obj
 0001:000054b4       _seh_filter_dll            00000001800064b4 f   libucrt:exception_filter.obj
 0001:000054c8       _seh_filter_exe            00000001800064c8 f   libucrt:exception_filter.obj
 0001:00005888       __acrt_initialize_thread_local_exit_callback 0000000180006888 f   libucrt:exit.obj
 0001:00005890       _cexit                     0000000180006890 f   libucrt:exit.obj
 0001:000058a0       _exit                      00000001800068a0 f   libucrt:exit.obj
 0001:000058ac       _is_c_termination_complete 00000001800068ac f   libucrt:exit.obj
 0001:00005a70       __acrt_allocate_buffer_for_argv 0000000180006a70 f   libucrt:argv_parsing.obj
 0001:00005ad4       _configure_narrow_argv     0000000180006ad4 f   libucrt:argv_parsing.obj
 0001:00005e30       __dcrt_uninitialize_environments_nolock 0000000180006e30 f   libucrt:environment_initialization.obj
 0001:00005e68       _initialize_narrow_environment 0000000180006e68 f   libucrt:environment_initialization.obj
 0001:00005e70       ??$?RV<lambda_b8c45f8f788dd370798f47cfe8ac3a86>@@AEAV<lambda_4e60a939b0d047cfe11ddc22648dfba9>@@V<lambda_332c3edc96d0294ec56c57d38c1cdfd5>@@@?$__crt_seh_guarded_call@H@@QEAAH$$QEAV<lambda_b8c45f8f788dd370798f47cfe8ac3a86>@@AEAV<lambda_4e60a939b0d047cfe11ddc22648dfba9>@@$$QEAV<lambda_332c3edc96d0294ec56c57d38c1cdfd5>@@@Z 0000000180006e70 f i libucrt:onexit.obj
 0001:00005eac       ??$?RV<lambda_e24bbb7b643b32fcea6fa61b31d4c984>@@AEAV<lambda_275893d493268fdec8709772e3fcec0e>@@V<lambda_9d71df4d7cf3f480f8d633942495c3b0>@@@?$__crt_seh_guarded_call@H@@QEAAH$$QEAV<lambda_e24bbb7b643b32fcea6fa61b31d4c984>@@AEAV<lambda_275893d493268fdec8709772e3fcec0e>@@$$QEAV<lambda_9d71df4d7cf3f480f8d633942495c3b0>@@@Z 0000000180006eac f i libucrt:onexit.obj
 0001:00006228       _crt_atexit                0000000180007228 f   libucrt:onexit.obj
 0001:00006238       _execute_onexit_table      0000000180007238 f   libucrt:onexit.obj
 0001:00006274       _initialize_onexit_table   0000000180007274 f   libucrt:onexit.obj
 0001:000062b4       _register_onexit_function  00000001800072b4 f   libucrt:onexit.obj
 0001:00006334       __acrt_uninitialize_command_line 0000000180007334 f   libucrt:argv_data.obj
 0001:00006434       __acrt_initialize          0000000180007434 f   libucrt:initialization.obj
 0001:00006448       __acrt_thread_attach       0000000180007448 f   libucrt:initialization.obj
 0001:0000645c       __acrt_thread_detach       000000018000745c f   libucrt:initialization.obj
 0001:0000646c       __acrt_uninitialize        000000018000746c f   libucrt:initialization.obj
 0001:00006480       __acrt_uninitialize_critical 0000000180007480 f   libucrt:initialization.obj
 0001:00006490       terminate                  0000000180007490 f   libucrt:terminate.obj
 0001:000064b8       strcpy_s                   00000001800074b8 f   libucrt:strcpy_s.obj
 0001:00006518       _free_base                 0000000180007518 f   libucrt:free_base.obj
 0001:00006558       _malloc_base               0000000180007558 f   libucrt:malloc_base.obj
 0001:000065b8       abort                      00000001800075b8 f   libucrt:abort.obj
 0001:00006610       _calloc_base               0000000180007610 f   libucrt:calloc_base.obj
 0001:00006688       ??$?RV<lambda_46352004c1216016012b18bd6f87e700>@@AEAV<lambda_3bd07e1a1191394380780325891bf33f>@@V<lambda_334532d3f185bcaa59b5be82d7d22bff>@@@?$__crt_seh_guarded_call@X@@QEAAX$$QEAV<lambda_46352004c1216016012b18bd6f87e700>@@AEAV<lambda_3bd07e1a1191394380780325891bf33f>@@$$QEAV<lambda_334532d3f185bcaa59b5be82d7d22bff>@@@Z 0000000180007688 f i libucrt:per_thread_data.obj
 0001:000066e8       ??$?RV<lambda_5e887d1dcbef67a5eb4283622ba103bf>@@AEAV<lambda_4466841279450cc726390878d4a41900>@@V<lambda_341c25c0346d94847f1f3c463c57e077>@@@?$__crt_seh_guarded_call@X@@QEAAX$$QEAV<lambda_5e887d1dcbef67a5eb4283622ba103bf>@@AEAV<lambda_4466841279450cc726390878d4a41900>@@$$QEAV<lambda_341c25c0346d94847f1f3c463c57e077>@@@Z 00000001800076e8 f i libucrt:per_thread_data.obj
 0001:00006730       ??$?RV<lambda_72d1df2b273a38828b1ce30cbf4cdab5>@@AEAV<lambda_876a65b173b8412d3a47c70a915b0cf4>@@V<lambda_41932305e351933ebe8f8be3ed8bb5dc>@@@?$__crt_seh_guarded_call@X@@QEAAX$$QEAV<lambda_72d1df2b273a38828b1ce30cbf4cdab5>@@AEAV<lambda_876a65b173b8412d3a47c70a915b0cf4>@@$$QEAV<lambda_41932305e351933ebe8f8be3ed8bb5dc>@@@Z 0000000180007730 f i libucrt:per_thread_data.obj
 0001:00006770       ??$?RV<lambda_fb3a7dec4e47f37f22dae91bb15c9095>@@AEAV<lambda_698284760c8add0bfb0756c19673e34b>@@V<lambda_dfb8eca1e75fef3034a8fb18dd509707>@@@?$__crt_seh_guarded_call@X@@QEAAX$$QEAV<lambda_fb3a7dec4e47f37f22dae91bb15c9095>@@AEAV<lambda_698284760c8add0bfb0756c19673e34b>@@$$QEAV<lambda_dfb8eca1e75fef3034a8fb18dd509707>@@@Z 0000000180007770 f i libucrt:per_thread_data.obj
 0001:00006a00       __acrt_freeptd             0000000180007a00 f   libucrt:per_thread_data.obj
 0001:00006a44       __acrt_getptd              0000000180007a44 f   libucrt:per_thread_data.obj
 0001:00006ad8       __acrt_getptd_noexit       0000000180007ad8 f   libucrt:per_thread_data.obj
 0001:00006b78       __acrt_initialize_ptd      0000000180007b78 f   libucrt:per_thread_data.obj
 0001:00006bb4       __acrt_uninitialize_ptd    0000000180007bb4 f   libucrt:per_thread_data.obj
 0001:00006bd8       __acrt_errno_from_os_error 0000000180007bd8 f   libucrt:errno.obj
 0001:00006c20       __acrt_errno_map_os_error  0000000180007c20 f   libucrt:errno.obj
 0001:00006c70       __doserrno                 0000000180007c70 f   libucrt:errno.obj
 0001:00006c90       _errno                     0000000180007c90 f   libucrt:errno.obj
 0001:00006d00       _tolower_l                 0000000180007d00 f   libucrt:tolower_toupper.obj
 0001:00006e40       __acrt_update_locale_info  0000000180007e40 f   libucrt:locale_update.obj
 0001:00006e74       __acrt_update_multibyte_info 0000000180007e74 f   libucrt:locale_update.obj
 0001:00006ea8       __acrt_set_locale_changed  0000000180007ea8 f   libucrt:wsetlocale.obj
 0001:00006eb4       __acrt_uninitialize_locale 0000000180007eb4 f   libucrt:wsetlocale.obj
 0001:00006efc       __acrt_initialize_locks    0000000180007efc f   libucrt:locks.obj
 0001:00006f44       __acrt_lock                0000000180007f44 f   libucrt:locks.obj
 0001:00006f60       __acrt_uninitialize_locks  0000000180007f60 f   libucrt:locks.obj
 0001:00006f98       __acrt_unlock              0000000180007f98 f   libucrt:locks.obj
 0001:00007154       __acrt_FlsAlloc            0000000180008154 f   libucrt:winapi_thunks.obj
 0001:000071ac       __acrt_FlsFree             00000001800081ac f   libucrt:winapi_thunks.obj
 0001:00007204       __acrt_FlsGetValue         0000000180008204 f   libucrt:winapi_thunks.obj
 0001:0000725c       __acrt_FlsSetValue         000000018000825c f   libucrt:winapi_thunks.obj
 0001:000072c4       __acrt_InitializeCriticalSectionEx 00000001800082c4 f   libucrt:winapi_thunks.obj
 0001:0000733c       __acrt_LCMapStringEx       000000018000833c f   libucrt:winapi_thunks.obj
 0001:0000742c       __acrt_LocaleNameToLCID    000000018000842c f   libucrt:winapi_thunks.obj
 0001:00007494       __acrt_initialize_winapi_thunks 0000000180008494 f   libucrt:winapi_thunks.obj
 0001:000074cc       __acrt_is_packaged_app     00000001800084cc f   libucrt:winapi_thunks.obj
 0001:00007554       __acrt_uninitialize_winapi_thunks 0000000180008554 f   libucrt:winapi_thunks.obj
 0001:00007a74       ?expand_if_necessary@?$argument_list@D@?A0xca0879c4@@AEAAHXZ 0000000180008a74 f i libucrt:argv_wildcards.obj
 0001:00007b3c       __acrt_expand_narrow_argv_wildcards 0000000180008b3c f   libucrt:argv_wildcards.obj
 0001:00007b44       ??$?RV<lambda_99476a1ad63dd22509b5d3e65b0ffc95>@@AEAV<lambda_ad1ced32f4ac17aa236e5ef05d6b3b7c>@@V<lambda_f7424dd8d45958661754dc4f2697e9c3>@@@?$__crt_seh_guarded_call@X@@QEAAX$$QEAV<lambda_99476a1ad63dd22509b5d3e65b0ffc95>@@AEAV<lambda_ad1ced32f4ac17aa236e5ef05d6b3b7c>@@$$QEAV<lambda_f7424dd8d45958661754dc4f2697e9c3>@@@Z 0000000180008b44 f i libucrt:mbctype.obj
 0001:00008240       __acrt_initialize_multibyte 0000000180009240 f   libucrt:mbctype.obj
 0001:00008268       __acrt_update_thread_multibyte_data 0000000180009268 f   libucrt:mbctype.obj
 0001:00008328       _setmbcp_nolock            0000000180009328 f   libucrt:mbctype.obj
 0001:00008648       _ismbblead                 0000000180009648 f   libucrt:ismbbyte.obj
 0001:0000865c       __acrt_initialize_command_line 000000018000965c f   libucrt:argv_data.obj
 0001:00008684       __dcrt_get_narrow_environment_from_os 0000000180009684 f   libucrt:get_environment_from_os.obj
 0001:00008788       _recalloc                  0000000180009788 f   libucrt:recalloc.obj
 0001:00008790       _recalloc_base             0000000180009790 f   libucrt:recalloc.obj
 0001:00008828       __acrt_initialize_heap     0000000180009828 f   libucrt:heap_handle.obj
 0001:00008844       __acrt_uninitialize_heap   0000000180009844 f   libucrt:heap_handle.obj
 0001:00008a38       __acrt_initialize_lowio    0000000180009a38 f   libucrt:ioinit.obj
 0001:00008a74       __acrt_uninitialize_lowio  0000000180009a74 f   libucrt:ioinit.obj
 0001:00008ab4       __acrt_execute_initializers 0000000180009ab4 f   libucrt:shared_initialization.obj
 0001:00008b48       __acrt_execute_uninitializers 0000000180009b48 f   libucrt:shared_initialization.obj
 0001:00008b98       ??$?RV<lambda_c36588078e9f5dfd39652860aa6b3aaf>@@AEAV<lambda_ec61778202f4f5fc7e7711acc23c3bca>@@V<lambda_dc9d2797ccde5d239b4a0efae8ebd7db>@@@?$__crt_seh_guarded_call@P6AXH@Z@@QEAAP6AXH@Z$$QEAV<lambda_c36588078e9f5dfd39652860aa6b3aaf>@@AEAV<lambda_ec61778202f4f5fc7e7711acc23c3bca>@@$$QEAV<lambda_dc9d2797ccde5d239b4a0efae8ebd7db>@@@Z 0000000180009b98 f i libucrt:signal.obj
 0001:00008be0       __acrt_get_sigabrt_handler 0000000180009be0 f   libucrt:signal.obj
 0001:00008c10       __acrt_initialize_signal_handlers 0000000180009c10 f   libucrt:signal.obj
 0001:00008c30       raise                      0000000180009c30 f   libucrt:signal.obj
 0001:00008ecc       __acrt_has_user_matherr    0000000180009ecc f   libucrt:matherr.obj
 0001:00008eec       __acrt_initialize_user_matherr 0000000180009eec f   libucrt:matherr.obj
 0001:00008ef4       __acrt_invoke_user_matherr 0000000180009ef4 f   libucrt:matherr.obj
 0001:00008f3c       _query_new_mode            0000000180009f3c f   libucrt:new_mode.obj
 0001:00008f44       _mbtowc_l                  0000000180009f44 f   libucrt:mbtowc.obj
 0001:0000908c       mbtowc                     000000018000a08c f   libucrt:mbtowc.obj
 0001:00009094       _fileno                    000000018000a094 f   libucrt:fileno.obj
 0001:000090bc       __acrt_initialize_stdio    000000018000a0bc f   libucrt:_file.obj
 0001:000091dc       __acrt_uninitialize_stdio  000000018000a1dc f   libucrt:_file.obj
 0001:00009238       _lock_file                 000000018000a238 f   libucrt:_file.obj
 0001:00009244       _unlock_file               000000018000a244 f   libucrt:_file.obj
 0001:00009250       __pctype_func              000000018000a250 f   libucrt:ctype.obj
 0001:00009280       _isctype_l                 000000018000a280 f   libucrt:isctype.obj
 0001:00009390       __acrt_add_locale_ref      000000018000a390 f   libucrt:locale_refcounting.obj
 0001:0000941c       __acrt_free_locale         000000018000a41c f   libucrt:locale_refcounting.obj
 0001:00009594       __acrt_locale_add_lc_time_reference 000000018000a594 f   libucrt:locale_refcounting.obj
 0001:000095bc       __acrt_locale_free_lc_time_if_unreferenced 000000018000a5bc f   libucrt:locale_refcounting.obj
 0001:000095f4       __acrt_locale_release_lc_time_reference 000000018000a5f4 f   libucrt:locale_refcounting.obj
 0001:0000961c       __acrt_release_locale_ref  000000018000a61c f   libucrt:locale_refcounting.obj
 0001:000096c4       __acrt_update_thread_locale_data 000000018000a6c4 f   libucrt:locale_refcounting.obj
 0001:00009734       _updatetlocinfoEx_nolock   000000018000a734 f   libucrt:locale_refcounting.obj
 0001:0000979c       _isleadbyte_l              000000018000a79c f i libucrt:_wctype.obj
 0001:00009b38       __acrt_LCMapStringA        000000018000ab38 f   libucrt:lcmapstringa.obj
 0001:00009bd0       __acrt_locale_free_monetary 000000018000abd0 f   libucrt:initmon.obj
 0001:00009cdc       __acrt_locale_free_numeric 000000018000acdc f   libucrt:initnum.obj
 0001:00009da0       __acrt_locale_free_time    000000018000ada0 f   libucrt:inittime.obj
 0001:00009ea8       __acrt_GetStringTypeA      000000018000aea8 f   libucrt:getstringtypea.obj
 0001:0000a124       __acrt_DownlevelLocaleNameToLCID 000000018000b124 f   libucrt:lcidtoname_downlevel.obj
 0001:0000a230       qsort                      000000018000b230 f   libucrt:qsort.obj
 0001:0000a564       strncpy_s                  000000018000b564 f   libucrt:strncpy_s.obj
 0001:0000a638       strpbrk                    000000018000b638 f   libucrt:strpbrk.obj
 0001:0000a6d8       _mbsdec                    000000018000b6d8 f   libucrt:mbsdec.obj
 0001:0000a6e0       _mbsdec_l                  000000018000b6e0 f   libucrt:mbsdec.obj
 0001:0000a790       _msize                     000000018000b790 f   libucrt:msize.obj
 0001:0000a7cc       _realloc_base              000000018000b7cc f   libucrt:realloc_base.obj
 0001:0000a850       __acrt_lowio_create_handle_array 000000018000b850 f   libucrt:osfinfo.obj
 0001:0000a8e8       __acrt_lowio_destroy_handle_array 000000018000b8e8 f   libucrt:osfinfo.obj
 0001:0000a938       __acrt_lowio_ensure_fh_exists 000000018000b938 f   libucrt:osfinfo.obj
 0001:0000a9f0       __acrt_lowio_lock_fh       000000018000b9f0 f   libucrt:osfinfo.obj
 0001:0000aa14       __acrt_lowio_unlock_fh     000000018000ba14 f   libucrt:osfinfo.obj
 0001:0000aa38       _free_osfhnd               000000018000ba38 f   libucrt:osfinfo.obj
 0001:0000aaf4       _get_osfhandle             000000018000baf4 f   libucrt:osfinfo.obj
 0001:0000ab6c       _isatty                    000000018000bb6c f   libucrt:isatty.obj
 0001:0000abcc       __acrt_stdio_flush_nolock  000000018000bbcc f   libucrt:fflush.obj
 0001:0000ac44       _fflush_nolock             000000018000bc44 f   libucrt:fflush.obj
 0001:0000ac90       _flushall                  000000018000bc90 f   libucrt:fflush.obj
 0001:0000ad80       _fcloseall                 000000018000bd80 f   libucrt:closeall.obj
 0001:0000ae34       __acrt_stdio_free_buffer_nolock 000000018000be34 f   libucrt:_freebuf.obj
 0001:0000ae74       __strncnt                  000000018000be74 f   libucrt:strncnt.obj
 0001:0000ae8c       _query_app_type            000000018000be8c f   libucrt:report_runtime_error.obj
 0001:0000ae94       ??$?RV<lambda_b521505b218e5242e90febf6bfebc422>@@AEAV<lambda_6978c1fb23f02e42e1d9e99668cc68aa>@@V<lambda_314360699dd331753a4119843814e9a7>@@@?$__crt_seh_guarded_call@H@@QEAAH$$QEAV<lambda_b521505b218e5242e90febf6bfebc422>@@AEAV<lambda_6978c1fb23f02e42e1d9e99668cc68aa>@@$$QEAV<lambda_314360699dd331753a4119843814e9a7>@@@Z 000000018000be94 f i libucrt:commit.obj
 0001:0000af20       _commit                    000000018000bf20 f   libucrt:commit.obj
 0001:0000b554       _write                     000000018000c554 f   libucrt:write.obj
 0001:0000b640       _write_nolock              000000018000c640 f   libucrt:write.obj
 0001:0000b930       log10                      000000018000c930 f   libucrt:log10.obj
 0001:0000bf78       _lseeki64_nolock           000000018000cf78 f   libucrt:lseek.obj
 0001:0000bf80       _fclose_nolock             000000018000cf80 f   libucrt:fclose.obj
 0001:0000c004       fclose                     000000018000d004 f   libucrt:fclose.obj
 0001:0000c070       _putwch_nolock             000000018000d070 f   libucrt:putwch.obj
 0001:0000c1f0       _handle_error              000000018000d1f0 f   libucrt:libm_error.obj
 0001:0000c320       __acrt_initialize_fma3     000000018000d320 f   libucrt:fma3_available.obj
 0001:0000c390       _log10_special             000000018000d390 f   libucrt:log_special.obj
 0001:0000c448       ??$?RV<lambda_bfedae4ebbf01fab1bb6dcc6a9e276e0>@@AEAV<lambda_2fe9b910cf3cbf4a0ab98a02ba45b3ec>@@V<lambda_237c231691f317818eb88cc1d5d642d6>@@@?$__crt_seh_guarded_call@H@@QEAAH$$QEAV<lambda_bfedae4ebbf01fab1bb6dcc6a9e276e0>@@AEAV<lambda_2fe9b910cf3cbf4a0ab98a02ba45b3ec>@@$$QEAV<lambda_237c231691f317818eb88cc1d5d642d6>@@@Z 000000018000d448 f i libucrt:close.obj
 0001:0000c4bc       _close                     000000018000d4bc f   libucrt:close.obj
 0001:0000c560       _close_nolock              000000018000d560 f   libucrt:close.obj
 0001:0000c61c       ?__acrt_stdio_free_stream@@YAXV__crt_stdio_stream@@@Z 000000018000d61c f   libucrt:stream.obj
 0001:0000c660       __dcrt_lowio_initialize_console_output 000000018000d660 f   libucrt:initcon.obj
 0001:0000c69c       __dcrt_terminate_console_output 000000018000d69c f   libucrt:initcon.obj
 0001:0000c6d0       _get_fpsr                  000000018000d6d0 f   libucrt:fpsr.obj
 0001:0000c6e0       _set_fpsr                  000000018000d6e0 f   libucrt:fpsr.obj
 0001:0000c6ea       _fclrf                     000000018000d6ea f   libucrt:fpsr.obj
 0001:0000c6fe       _frnd                      000000018000d6fe f   libucrt:fpsr.obj
 0001:0000c720       _raise_exc                 000000018000d720 f   libucrt:fpexcept.obj
 0001:0000c748       _raise_exc_ex              000000018000d748 f   libucrt:fpexcept.obj
 0001:0000ca50       _set_errno_from_matherr    000000018000da50 f   libucrt:fpexcept.obj
 0001:0000ca80       _clrfp                     000000018000da80 f   libucrt:fpctrl.obj
 0001:0000caa0       _ctrlfp                    000000018000daa0 f   libucrt:fpctrl.obj
 0001:0000cb1c       _set_statfp                000000018000db1c f   libucrt:fpctrl.obj
 0001:0000cb3c       _statfp                    000000018000db3c f   libucrt:fpctrl.obj
 0001:0000cb4e       IsProcessorFeaturePresent  000000018000db4e f   kernel32:KERNEL32.dll
 0001:0000cb54       RtlUnwindEx                000000018000db54 f   kernel32:KERNEL32.dll
 0001:0000cb5c       ?DloadAcquireSectionWriteAccess@@YAXXZ 000000018000db5c f i DelayImp:delayhlp.obj
 0001:0000cc18       ?DloadGetSRWLockFunctionPointers@@YAEXZ 000000018000dc18 f i DelayImp:delayhlp.obj
 0001:0000ccb4       ?DloadMakePermanentImageCommit@@YAXPEAX_K@Z 000000018000dcb4 f i DelayImp:delayhlp.obj
 0001:0000cd4c       ?DloadObtainSection@@YAPEAXPEAK0@Z 000000018000dd4c f i DelayImp:delayhlp.obj
 0001:0000cde4       ?DloadProtectSection@@YAXKPEAK@Z 000000018000dde4 f i DelayImp:delayhlp.obj
 0001:0000ce74       ?DloadReleaseSectionWriteAccess@@YAXXZ 000000018000de74 f i DelayImp:delayhlp.obj
 0001:0000cf18       __delayLoadHelper2         000000018000df18 f   DelayImp:delayhlp.obj
 0001:0000d220       _FindPESection             000000018000e220 f   LIBCMT:pesect.obj
 0001:0000d270       _IsNonwritableInCurrentImage 000000018000e270 f   LIBCMT:pesect.obj
 0001:0000d2c0       _ValidateImageBase         000000018000e2c0 f   LIBCMT:pesect.obj
 0001:0000d2f0       __GSHandlerCheck           000000018000e2f0 f   LIBCMT:_gshandler_.obj
 0001:0000d310       __GSHandlerCheckCommon     000000018000e310 f   LIBCMT:_gshandler_.obj
 0001:0000d380       __chkstk                   000000018000e380 f   LIBCMT:_chkstk_.obj
 0001:0000d380       _alloca_probe              000000018000e380 f   LIBCMT:_chkstk_.obj
 0001:0000d3f0       memcmp                     000000018000e3f0 f   libvcruntime:memcmp.obj
 0001:0000d4d0       _guard_dispatch_icall_nop  000000018000e4d0 f   LIBCMT:_guard_dispatch_.obj
 0002:00000000       __imp_MultiByteToWideChar  000000018000f000     kernel32:KERNEL32.dll
 0002:00000008       __imp_LoadLibraryA         000000018000f008     kernel32:KERNEL32.dll
 0002:00000010       __imp_GetProcAddress       000000018000f010     kernel32:KERNEL32.dll
 0002:00000018       __imp_GetModuleHandleA     000000018000f018     kernel32:KERNEL32.dll
 0002:00000020       __imp_VirtualQuery         000000018000f020     kernel32:KERNEL32.dll
 0002:00000028       __imp_VirtualProtect       000000018000f028     kernel32:KERNEL32.dll
 0002:00000030       __imp_GetSystemInfo        000000018000f030     kernel32:KERNEL32.dll
 0002:00000038       __imp_CreateFileW          000000018000f038     kernel32:KERNEL32.dll
 0002:00000040       __imp_WriteConsoleW        000000018000f040     kernel32:KERNEL32.dll
 0002:00000048       __imp_CloseHandle          000000018000f048     kernel32:KERNEL32.dll
 0002:00000050       __imp_SetFilePointerEx     000000018000f050     kernel32:KERNEL32.dll
 0002:00000058       __imp_GetConsoleMode       000000018000f058     kernel32:KERNEL32.dll
 0002:00000060       __imp_GetConsoleCP         000000018000f060     kernel32:KERNEL32.dll
 0002:00000068       __imp_RtlCaptureContext    000000018000f068     kernel32:KERNEL32.dll
 0002:00000070       __imp_RtlLookupFunctionEntry 000000018000f070     kernel32:KERNEL32.dll
 0002:00000078       __imp_RtlVirtualUnwind     000000018000f078     kernel32:KERNEL32.dll
 0002:00000080       __imp_UnhandledExceptionFilter 000000018000f080     kernel32:KERNEL32.dll
 0002:00000088       __imp_SetUnhandledExceptionFilter 000000018000f088     kernel32:KERNEL32.dll
 0002:00000090       __imp_GetCurrentProcess    000000018000f090     kernel32:KERNEL32.dll
 0002:00000098       __imp_TerminateProcess     000000018000f098     kernel32:KERNEL32.dll
 0002:000000a0       __imp_IsProcessorFeaturePresent 000000018000f0a0     kernel32:KERNEL32.dll
 0002:000000a8       __imp_QueryPerformanceCounter 000000018000f0a8     kernel32:KERNEL32.dll
 0002:000000b0       __imp_GetCurrentProcessId  000000018000f0b0     kernel32:KERNEL32.dll
 0002:000000b8       __imp_GetCurrentThreadId   000000018000f0b8     kernel32:KERNEL32.dll
 0002:000000c0       __imp_GetSystemTimeAsFileTime 000000018000f0c0     kernel32:KERNEL32.dll
 0002:000000c8       __imp_InitializeSListHead  000000018000f0c8     kernel32:KERNEL32.dll
 0002:000000d0       __imp_IsDebuggerPresent    000000018000f0d0     kernel32:KERNEL32.dll
 0002:000000d8       __imp_GetStartupInfoW      000000018000f0d8     kernel32:KERNEL32.dll
 0002:000000e0       __imp_GetModuleHandleW     000000018000f0e0     kernel32:KERNEL32.dll
 0002:000000e8       __imp_RtlPcToFileHeader    000000018000f0e8     kernel32:KERNEL32.dll
 0002:000000f0       __imp_RaiseException       000000018000f0f0     kernel32:KERNEL32.dll
 0002:000000f8       __imp_RtlUnwindEx          000000018000f0f8     kernel32:KERNEL32.dll
 0002:00000100       __imp_InterlockedFlushSList 000000018000f100     kernel32:KERNEL32.dll
 0002:00000108       __imp_GetLastError         000000018000f108     kernel32:KERNEL32.dll
 0002:00000110       __imp_SetLastError         000000018000f110     kernel32:KERNEL32.dll
 0002:00000118       __imp_EnterCriticalSection 000000018000f118     kernel32:KERNEL32.dll
 0002:00000120       __imp_LeaveCriticalSection 000000018000f120     kernel32:KERNEL32.dll
 0002:00000128       __imp_DeleteCriticalSection 000000018000f128     kernel32:KERNEL32.dll
 0002:00000130       __imp_InitializeCriticalSectionAndSpinCount 000000018000f130     kernel32:KERNEL32.dll
 0002:00000138       __imp_TlsAlloc             000000018000f138     kernel32:KERNEL32.dll
 0002:00000140       __imp_TlsGetValue          000000018000f140     kernel32:KERNEL32.dll
 0002:00000148       __imp_TlsSetValue          000000018000f148     kernel32:KERNEL32.dll
 0002:00000150       __imp_TlsFree              000000018000f150     kernel32:KERNEL32.dll
 0002:00000158       __imp_FreeLibrary          000000018000f158     kernel32:KERNEL32.dll
 0002:00000160       __imp_LoadLibraryExW       000000018000f160     kernel32:KERNEL32.dll
 0002:00000168       __imp_ExitProcess          000000018000f168     kernel32:KERNEL32.dll
 0002:00000170       __imp_GetModuleHandleExW   000000018000f170     kernel32:KERNEL32.dll
 0002:00000178       __imp_GetModuleFileNameA   000000018000f178     kernel32:KERNEL32.dll
 0002:00000180       __imp_WideCharToMultiByte  000000018000f180     kernel32:KERNEL32.dll
 0002:00000188       __imp_HeapFree             000000018000f188     kernel32:KERNEL32.dll
 0002:00000190       __imp_HeapAlloc            000000018000f190     kernel32:KERNEL32.dll
 0002:00000198       __imp_GetACP               000000018000f198     kernel32:KERNEL32.dll
 0002:000001a0       __imp_LCMapStringW         000000018000f1a0     kernel32:KERNEL32.dll
 0002:000001a8       __imp_FindClose            000000018000f1a8     kernel32:KERNEL32.dll
 0002:000001b0       __imp_FindFirstFileExA     000000018000f1b0     kernel32:KERNEL32.dll
 0002:000001b8       __imp_FindNextFileA        000000018000f1b8     kernel32:KERNEL32.dll
 0002:000001c0       __imp_IsValidCodePage      000000018000f1c0     kernel32:KERNEL32.dll
 0002:000001c8       __imp_GetOEMCP             000000018000f1c8     kernel32:KERNEL32.dll
 0002:000001d0       __imp_GetCPInfo            000000018000f1d0     kernel32:KERNEL32.dll
 0002:000001d8       __imp_GetCommandLineA      000000018000f1d8     kernel32:KERNEL32.dll
 0002:000001e0       __imp_GetCommandLineW      000000018000f1e0     kernel32:KERNEL32.dll
 0002:000001e8       __imp_GetEnvironmentStringsW 000000018000f1e8     kernel32:KERNEL32.dll
 0002:000001f0       __imp_FreeEnvironmentStringsW 000000018000f1f0     kernel32:KERNEL32.dll
 0002:000001f8       __imp_GetProcessHeap       000000018000f1f8     kernel32:KERNEL32.dll
 0002:00000200       __imp_GetStdHandle         000000018000f200     kernel32:KERNEL32.dll
 0002:00000208       __imp_GetFileType          000000018000f208     kernel32:KERNEL32.dll
 0002:00000210       __imp_GetStringTypeW       000000018000f210     kernel32:KERNEL32.dll
 0002:00000218       __imp_HeapSize             000000018000f218     kernel32:KERNEL32.dll
 0002:00000220       __imp_HeapReAlloc          000000018000f220     kernel32:KERNEL32.dll
 0002:00000228       __imp_SetStdHandle         000000018000f228     kernel32:KERNEL32.dll
 0002:00000230       __imp_WriteFile            000000018000f230     kernel32:KERNEL32.dll
 0002:00000238       __imp_FlushFileBuffers     000000018000f238     kernel32:KERNEL32.dll
 0002:00000240       __imp_LoadLibraryExA       000000018000f240     kernel32:KERNEL32.dll
 0002:00000248       \177KERNEL32_NULL_THUNK_DATA 000000018000f248     kernel32:KERNEL32.dll
 0002:00000250       __imp_GetMessageA          000000018000f250     user32:USER32.dll
 0002:00000258       __imp_DispatchMessageA     000000018000f258     user32:USER32.dll
 0002:00000260       __imp_LoadCursorA          000000018000f260     user32:USER32.dll
 0002:00000268       __imp_DestroyWindow        000000018000f268     user32:USER32.dll
 0002:00000270       __imp_PostMessageA         000000018000f270     user32:USER32.dll
 0002:00000278       __imp_MessageBoxA          000000018000f278     user32:USER32.dll
 0002:00000280       __imp_DefWindowProcA       000000018000f280     user32:USER32.dll
 0002:00000288       __imp_CreateWindowExA      000000018000f288     user32:USER32.dll
 0002:00000290       __imp_TranslateMessage     000000018000f290     user32:USER32.dll
 0002:00000298       __imp_LoadIconA            000000018000f298     user32:USER32.dll
 0002:000002a0       __imp_PostQuitMessage      000000018000f2a0     user32:USER32.dll
 0002:000002a8       __imp_RegisterClassExA     000000018000f2a8     user32:USER32.dll
 0002:000002b0       \177USER32_NULL_THUNK_DATA 000000018000f2b0     user32:USER32.dll
 0002:000002b8       __guard_check_icall_fptr   000000018000f2b8     LIBCMT:guard_support.obj
 0002:000002c0       __guard_dispatch_icall_fptr 000000018000f2c0     LIBCMT:guard_support.obj
 0002:000002c8       __xc_a                     000000018000f2c8     LIBCMT:initializers.obj
 0002:000002d0       _register_JavaAccessBridge_ 000000018000f2d0     jab.obj
 0002:000002d8       __xc_z                     000000018000f2d8     LIBCMT:initializers.obj
 0002:000002e0       __xi_a                     000000018000f2e0     LIBCMT:initializers.obj
 0002:000002e8       __acrt_multibyte_initializer 000000018000f2e8     libucrt:multibyte_initializer.obj
 0002:000002f0       __acrt_stdio_initializer   000000018000f2f0     libucrt:stdio_initializer.obj
 0002:000002f8       __acrt_tran_fma3_initializer 000000018000f2f8     libucrt:fma3_initializer.obj
 0002:00000300       __xi_z                     000000018000f300     LIBCMT:initializers.obj
 0002:00000308       __xp_a                     000000018000f308     LIBCMT:initializers.obj
 0002:00000310       __acrt_locale_terminator   000000018000f310     libucrt:locale_initializer.obj
 0002:00000318       __dcrt_console_output_terminator 000000018000f318     libucrt:console_output_initializer.obj
 0002:00000320       __acrt_stdio_terminator    000000018000f320     libucrt:stdio_initializer.obj
 0002:00000328       __xp_z                     000000018000f328     LIBCMT:initializers.obj
 0002:00000330       __xt_a                     000000018000f330     LIBCMT:initializers.obj
 0002:00000338       __xt_z                     000000018000f338     LIBCMT:initializers.obj
 0002:00000340       __sz_node_exe              000000018000f340     node:node.exe
 0002:00000358       ??_7exception@std@@6B@     000000018000f358     libcpmt:xthrow.obj
 0002:00000368       ??_C@_0BC@EOODALEL@Unknown?5exception?$AA@ 000000018000f368     libcpmt:xthrow.obj
 0002:00000388       ??_7bad_alloc@std@@6B@     000000018000f388     libcpmt:xthrow.obj
 0002:00000398       ??_C@_0P@GHFPNOJB@bad?5allocation?$AA@ 000000018000f398     libcpmt:xthrow.obj
 0002:000003b0       ??_7logic_error@std@@6B@   000000018000f3b0     libcpmt:xthrow.obj
 0002:000003c8       ??_7length_error@std@@6B@  000000018000f3c8     libcpmt:xthrow.obj
 0002:000003e0       ??_7out_of_range@std@@6B@  000000018000f3e0     libcpmt:xthrow.obj
 0002:000003f0       _pDefaultRawDllMain        000000018000f3f0     LIBCMT:dll_dllmain.obj
 0002:000003f0       _pRawDllMain               000000018000f3f0     LIBCMT:dll_dllmain.obj
 0002:00000400       ??_7type_info@@6B@         000000018000f400     LIBCMT:std_type_info_static.obj
 0002:00000420       ??_7bad_array_new_length@std@@6B@ 000000018000f420     LIBCMT:throw_bad_alloc.obj
 0002:00000430       ??_C@_0BF@KINCDENJ@bad?5array?5new?5length?$AA@ 000000018000f430     LIBCMT:throw_bad_alloc.obj
 0002:000004b0       ??_C@_1BC@DNHGCMLG@?$AAa?$AAd?$AAv?$AAa?$AAp?$AAi?$AA3?$AA2?$AA?$AA@ 000000018000f4b0     libvcruntime:winapi_downlevel.obj
 0002:000004c8       ??_C@_1DM@KHCHBNEB@?$AAa?$AAp?$AAi?$AA?9?$AAm?$AAs?$AA?9?$AAw?$AAi?$AAn?$AA?9?$AAc?$AAo?$AAr?$AAe?$AA?9?$AAf?$AAi?$AAb?$AAe?$AAr?$AAs?$AA?9?$AAl?$AA1?$AA?9?$AA1?$AA?9?$AA1?$AA?$AA@ 000000018000f4c8     libvcruntime:winapi_downlevel.obj
 0002:00000508       ??_C@_1DK@LPPGFMPP@?$AAa?$AAp?$AAi?$AA?9?$AAm?$AAs?$AA?9?$AAw?$AAi?$AAn?$AA?9?$AAc?$AAo?$AAr?$AAe?$AA?9?$AAs?$AAy?$AAn?$AAc?$AAh?$AA?9?$AAl?$AA1?$AA?9?$AA2?$AA?9?$AA0?$AA?$AA@ 000000018000f508     libvcruntime:winapi_downlevel.obj
 0002:00000548       ??_C@_1BC@GDMECMAK@?$AAk?$AAe?$AAr?$AAn?$AAe?$AAl?$AA3?$AA2?$AA?$AA@ 000000018000f548     libvcruntime:winapi_downlevel.obj
 0002:00000568       ??_C@_08KNHFBNJ@FlsAlloc?$AA@ 000000018000f568     libvcruntime:winapi_downlevel.obj
 0002:00000580       ??_C@_07PEJMOBNF@FlsFree?$AA@ 000000018000f580     libvcruntime:winapi_downlevel.obj
 0002:00000590       ??_C@_0M@GDNOONDI@FlsGetValue?$AA@ 000000018000f590     libvcruntime:winapi_downlevel.obj
 0002:000005a8       ??_C@_0M@JCPCPOEF@FlsSetValue?$AA@ 000000018000f5a8     libvcruntime:winapi_downlevel.obj
 0002:000005c0       ??_C@_0BM@HCFOFFN@InitializeCriticalSectionEx?$AA@ 000000018000f5c0     libvcruntime:winapi_downlevel.obj
 0002:00000900       ??_C@_08EHJDFFNH@__based?$CI?$AA@ 000000018000f900     libvcruntime:undname.obj
 0002:00000910       ??_C@_07KOLFKCDI@__cdecl?$AA@ 000000018000f910     libvcruntime:undname.obj
 0002:00000918       ??_C@_08GHMPAG@__pascal?$AA@ 000000018000f918     libvcruntime:undname.obj
 0002:00000928       ??_C@_09IFJBGAPI@__stdcall?$AA@ 000000018000f928     libvcruntime:undname.obj
 0002:00000938       ??_C@_0L@NPHFGOKO@__thiscall?$AA@ 000000018000f938     libvcruntime:undname.obj
 0002:00000948       ??_C@_0L@JMKHOMEK@__fastcall?$AA@ 000000018000f948     libvcruntime:undname.obj
 0002:00000958       ??_C@_0N@BCKKPABJ@__vectorcall?$AA@ 000000018000f958     libvcruntime:undname.obj
 0002:00000968       ??_C@_09HIJEGCPM@__clrcall?$AA@ 000000018000f968     libvcruntime:undname.obj
 0002:00000974       ??_C@_06GHPCKEAG@__eabi?$AA@ 000000018000f974     libvcruntime:undname.obj
 0002:00000980       ??_C@_07JOMMBBKO@__ptr64?$AA@ 000000018000f980     libvcruntime:undname.obj
 0002:00000988       ??_C@_0L@PILCLIHE@__restrict?$AA@ 000000018000f988     libvcruntime:undname.obj
 0002:00000998       ??_C@_0M@GFIIJFMG@__unaligned?$AA@ 000000018000f998     libvcruntime:undname.obj
 0002:000009a8       ??_C@_09DHDLOLLB@restrict?$CI?$AA@ 000000018000f9a8     libvcruntime:undname.obj
 0002:000009b2       ??_C@_00CNPNBAHC@?$AA@     000000018000f9b2     libvcruntime:undname.obj
 0002:000009b4       ??_C@_04NIHEBCM@?5new?$AA@ 000000018000f9b4     libvcruntime:undname.obj
 0002:000009c0       ??_C@_07FPCDHGMM@?5delete?$AA@ 000000018000f9c0     libvcruntime:undname.obj
 0002:000009c8       ??_C@_01NEMOKFLO@?$DN?$AA@ 000000018000f9c8     libvcruntime:undname.obj
 0002:000009cc       ??_C@_02GPIOPFAK@?$DO?$DO?$AA@ 000000018000f9cc     libvcruntime:undname.obj
 0002:000009d0       ??_C@_02FODMEDOG@?$DM?$DM?$AA@ 000000018000f9d0     libvcruntime:undname.obj
 0002:000009d4       ??_C@_01DCLJPIOD@?$CB?$AA@ 000000018000f9d4     libvcruntime:undname.obj
 0002:000009d8       ??_C@_02EGOFBIJA@?$DN?$DN?$AA@ 000000018000f9d8     libvcruntime:undname.obj
 0002:000009dc       ??_C@_02FDNJECIE@?$CB?$DN?$AA@ 000000018000f9dc     libvcruntime:undname.obj
 0002:000009e0       ??_C@_02GPECMEKF@?$FL?$FN?$AA@ 000000018000f9e0     libvcruntime:undname.obj
 0002:000009e8       ??_C@_08LHJFAFGD@operator?$AA@ 000000018000f9e8     libvcruntime:undname.obj
 0002:000009f4       ??_C@_02HBOOOICD@?9?$DO?$AA@ 000000018000f9f4     libvcruntime:undname.obj
 0002:000009f8       ??_C@_01NBENCBCI@?$CK?$AA@ 000000018000f9f8     libvcruntime:undname.obj
 0002:000009fc       ??_C@_02ECNGHCIF@?$CL?$CL?$AA@ 000000018000f9fc     libvcruntime:undname.obj
 0002:00000a00       ??_C@_02BAABKJLB@?9?9?$AA@ 000000018000fa00     libvcruntime:undname.obj
 0002:00000a04       ??_C@_01JOAMLHOP@?9?$AA@   000000018000fa04     libvcruntime:undname.obj
 0002:00000a08       ??_C@_01MIFGBAGJ@?$CL?$AA@ 000000018000fa08     libvcruntime:undname.obj
 0002:00000a0c       ??_C@_01HNPIGOCE@?$CG?$AA@ 000000018000fa0c     libvcruntime:undname.obj
 0002:00000a10       ??_C@_03MNHNFDLC@?9?$DO?$CK?$AA@ 000000018000fa10     libvcruntime:undname.obj
 0002:00000a14       ??_C@_01KMDKNFGN@?1?$AA@   000000018000fa14     libvcruntime:undname.obj
 0002:00000a18       ??_C@_01FGNFDNOH@?$CF?$AA@ 000000018000fa18     libvcruntime:undname.obj
 0002:00000a1c       ??_C@_01MNNFJEPP@?$DM?$AA@ 000000018000fa1c     libvcruntime:undname.obj
 0002:00000a20       ??_C@_02EHCHHCKH@?$DM?$DN?$AA@ 000000018000fa20     libvcruntime:undname.obj
 0002:00000a24       ??_C@_01PPODPGHN@?$DO?$AA@ 000000018000fa24     libvcruntime:undname.obj
 0002:00000a28       ??_C@_02EEKDKGMJ@?$DO?$DN?$AA@ 000000018000fa28     libvcruntime:undname.obj
 0002:00000a2c       ??_C@_01IHBHIGKO@?0?$AA@   000000018000fa2c     libvcruntime:undname.obj
 0002:00000a30       ??_C@_02HCKGKOFO@?$CI?$CJ?$AA@ 000000018000fa30     libvcruntime:undname.obj
 0002:00000a34       ??_C@_01PJKLJHI@?$HO?$AA@  000000018000fa34     libvcruntime:undname.obj
 0002:00000a38       ??_C@_01JKBOJNNK@?$FO?$AA@ 000000018000fa38     libvcruntime:undname.obj
 0002:00000a3c       ??_C@_01DNKMNLPK@?$HM?$AA@ 000000018000fa3c     libvcruntime:undname.obj
 0002:00000a40       ??_C@_02PPKAJPJL@?$CG?$CG?$AA@ 000000018000fa40     libvcruntime:undname.obj
 0002:00000a44       ??_C@_02NONPIBCD@?$HM?$HM?$AA@ 000000018000fa44     libvcruntime:undname.obj
 0002:00000a48       ??_C@_02FPIMKNGF@?$CK?$DN?$AA@ 000000018000fa48     libvcruntime:undname.obj
 0002:00000a4c       ??_C@_02FOEOMHFC@?$CL?$DN?$AA@ 000000018000fa4c     libvcruntime:undname.obj
 0002:00000a50       ??_C@_02FKMDLLOA@?9?$DN?$AA@ 000000018000fa50     libvcruntime:undname.obj
 0002:00000a54       ??_C@_02FJEHGPIO@?1?$DN?$AA@ 000000018000fa54     libvcruntime:undname.obj
 0002:00000a58       ??_C@_02FENAOKFI@?$CF?$DN?$AA@ 000000018000fa58     libvcruntime:undname.obj
 0002:00000a5c       ??_C@_03IKFCCPFF@?$DO?$DO?$DN?$AA@ 000000018000fa5c     libvcruntime:undname.obj
 0002:00000a60       ??_C@_03CDNPDDLA@?$DM?$DM?$DN?$AA@ 000000018000fa60     libvcruntime:undname.obj
 0002:00000a64       ??_C@_02FGJGFEAB@?$CG?$DN?$AA@ 000000018000fa64     libvcruntime:undname.obj
 0002:00000a68       ??_C@_02DHLNPPGH@?$HM?$DN?$AA@ 000000018000fa68     libvcruntime:undname.obj
 0002:00000a6c       ??_C@_02MHEGNOJ@?$FO?$DN?$AA@ 000000018000fa6c     libvcruntime:undname.obj
 0002:00000a70       ??_C@_09IFPLHPGF@?$GAvftable?8?$AA@ 000000018000fa70     libvcruntime:undname.obj
 0002:00000a80       ??_C@_09BLBHBJP@?$GAvbtable?8?$AA@ 000000018000fa80     libvcruntime:undname.obj
 0002:00000a90       ??_C@_07FEEIOKP@?$GAvcall?8?$AA@ 000000018000fa90     libvcruntime:undname.obj
 0002:00000a98       ??_C@_08LLFFHHDJ@?$GAtypeof?8?$AA@ 000000018000fa98     libvcruntime:undname.obj
 0002:00000aa8       ??_C@_0BF@KDPPACIK@?$GAlocal?5static?5guard?8?$AA@ 000000018000faa8     libvcruntime:undname.obj
 0002:00000ac0       ??_C@_08OBABFOLI@?$GAstring?8?$AA@ 000000018000fac0     libvcruntime:undname.obj
 0002:00000ad0       ??_C@_0BD@JDLKDPAB@?$GAvbase?5destructor?8?$AA@ 000000018000fad0     libvcruntime:undname.obj
 0002:00000ae8       ??_C@_0BN@DEGPLNFK@?$GAvector?5deleting?5destructor?8?$AA@ 000000018000fae8     libvcruntime:undname.obj
 0002:00000b08       ??_C@_0BO@OBMKPJIG@?$GAdefault?5constructor?5closure?8?$AA@ 000000018000fb08     libvcruntime:undname.obj
 0002:00000b28       ??_C@_0BN@IMDCHIKM@?$GAscalar?5deleting?5destructor?8?$AA@ 000000018000fb28     libvcruntime:undname.obj
 0002:00000b48       ??_C@_0BO@PFGOCPJJ@?$GAvector?5constructor?5iterator?8?$AA@ 000000018000fb48     libvcruntime:undname.obj
 0002:00000b68       ??_C@_0BN@LFPFMEDL@?$GAvector?5destructor?5iterator?8?$AA@ 000000018000fb68     libvcruntime:undname.obj
 0002:00000b88       ??_C@_0CE@IKBNEHA@?$GAvector?5vbase?5constructor?5iterat@ 000000018000fb88     libvcruntime:undname.obj
 0002:00000bb0       ??_C@_0BL@NILFHHPC@?$GAvirtual?5displacement?5map?8?$AA@ 000000018000fbb0     libvcruntime:undname.obj
 0002:00000bd0       ??_C@_0CB@JONCMFFK@?$GAeh?5vector?5constructor?5iterator?8@ 000000018000fbd0     libvcruntime:undname.obj
 0002:00000bf8       ??_C@_0CA@GCEOPDGL@?$GAeh?5vector?5destructor?5iterator?8?$AA@ 000000018000fbf8     libvcruntime:undname.obj
 0002:00000c18       ??_C@_0CH@OOJPLCPH@?$GAeh?5vector?5vbase?5constructor?5ite@ 000000018000fc18     libvcruntime:undname.obj
 0002:00000c40       ??_C@_0BL@LLKPOHJI@?$GAcopy?5constructor?5closure?8?$AA@ 000000018000fc40     libvcruntime:undname.obj
 0002:00000c60       ??_C@_0BA@KBCDOMBN@?$GAudt?5returning?8?$AA@ 000000018000fc60     libvcruntime:undname.obj
 0002:00000c70       ??_C@_03KLGMFNMG@?$GAEH?$AA@ 000000018000fc70     libvcruntime:undname.obj
 0002:00000c74       ??_C@_05KHLCHHI@?$GARTTI?$AA@ 000000018000fc74     libvcruntime:undname.obj
 0002:00000c80       ??_C@_0BA@KKLDJDLB@?$GAlocal?5vftable?8?$AA@ 000000018000fc80     libvcruntime:undname.obj
 0002:00000c90       ??_C@_0CE@IIHCMGGL@?$GAlocal?5vftable?5constructor?5closu@ 000000018000fc90     libvcruntime:undname.obj
 0002:00000cb4       ??_C@_06FHBGPFGH@?5new?$FL?$FN?$AA@ 000000018000fcb4     libvcruntime:undname.obj
 0002:00000cc0       ??_C@_09LBNFPBCA@?5delete?$FL?$FN?$AA@ 000000018000fcc0     libvcruntime:undname.obj
 0002:00000cd0       ??_C@_0P@HJKNJFNN@?$GAomni?5callsig?8?$AA@ 000000018000fcd0     libvcruntime:undname.obj
 0002:00000ce0       ??_C@_0BL@CNOONJFP@?$GAplacement?5delete?5closure?8?$AA@ 000000018000fce0     libvcruntime:undname.obj
 0002:00000d00       ??_C@_0BN@CKNJLHMB@?$GAplacement?5delete?$FL?$FN?5closure?8?$AA@ 000000018000fd00     libvcruntime:undname.obj
 0002:00000d20       ??_C@_0CG@CFDHKGGD@?$GAmanaged?5vector?5constructor?5iter@ 000000018000fd20     libvcruntime:undname.obj
 0002:00000d48       ??_C@_0CF@IMGKMJNO@?$GAmanaged?5vector?5destructor?5itera@ 000000018000fd48     libvcruntime:undname.obj
 0002:00000d70       ??_C@_0CG@HLDDJMAG@?$GAeh?5vector?5copy?5constructor?5iter@ 000000018000fd70     libvcruntime:undname.obj
 0002:00000d98       ??_C@_0CM@FCBBDIGB@?$GAeh?5vector?5vbase?5copy?5constructo@ 000000018000fd98     libvcruntime:undname.obj
 0002:00000dc8       ??_C@_0BL@CLIPGLGB@?$GAdynamic?5initializer?5for?5?8?$AA@ 000000018000fdc8     libvcruntime:undname.obj
 0002:00000de8       ??_C@_0CB@PDBIFEP@?$GAdynamic?5atexit?5destructor?5for?5?8@ 000000018000fde8     libvcruntime:undname.obj
 0002:00000e10       ??_C@_0CD@CGAJBKEJ@?$GAvector?5copy?5constructor?5iterato@ 000000018000fe10     libvcruntime:undname.obj
 0002:00000e38       ??_C@_0CJ@GJELGAMM@?$GAvector?5vbase?5copy?5constructor?5i@ 000000018000fe38     libvcruntime:undname.obj
 0002:00000e68       ??_C@_0CL@FGIJHLCE@?$GAmanaged?5vector?5copy?5constructor@ 000000018000fe68     libvcruntime:undname.obj
 0002:00000e98       ??_C@_0BM@PMGGMLDN@?$GAlocal?5static?5thread?5guard?8?$AA@ 000000018000fe98     libvcruntime:undname.obj
 0002:00000eb8       ??_C@_0N@BDNMDMOL@operator?5?$CC?$CC?5?$AA@ 000000018000feb8     libvcruntime:undname.obj
 0002:00000ec8       ??_C@_0BC@DAFEJGAK@?5Type?5Descriptor?8?$AA@ 000000018000fec8     libvcruntime:undname.obj
 0002:00000ee0       ??_C@_0BM@LDKODKLH@?5Base?5Class?5Descriptor?5at?5?$CI?$AA@ 000000018000fee0     libvcruntime:undname.obj
 0002:00000f00       ??_C@_0BD@LGICGFMM@?5Base?5Class?5Array?8?$AA@ 000000018000ff00     libvcruntime:undname.obj
 0002:00000f18       ??_C@_0BN@MECKDCOJ@?5Class?5Hierarchy?5Descriptor?8?$AA@ 000000018000ff18     libvcruntime:undname.obj
 0002:00000f38       ??_C@_0BK@CFCOFLF@?5Complete?5Object?5Locator?8?$AA@ 000000018000ff38     libvcruntime:undname.obj
 0002:00000f60       __acrt_exception_action_table 000000018000ff60     libucrt:exception_filter.obj
 0002:00001020       __acrt_signal_action_table_count 0000000180010020     libucrt:exception_filter.obj
 0002:00001028       __acrt_signal_action_first_fpe_index 0000000180010028     libucrt:exception_filter.obj
 0002:00001030       __acrt_signal_action_fpe_count 0000000180010030     libucrt:exception_filter.obj
 0002:00001038       ??_C@_1BI@BGOHAHKC@?$AAm?$AAs?$AAc?$AAo?$AAr?$AAe?$AAe?$AA?4?$AAd?$AAl?$AAl?$AA?$AA@ 0000000180010038     libucrt:exit.obj
 0002:00001050       ??_C@_0P@MIGLKIOC@CorExitProcess?$AA@ 0000000180010050     libucrt:exit.obj
 0002:000012c0       __lc_time_c                00000001800102c0     libucrt:nlsdata.obj
 0002:00001580       ??_C@_03KOEHGMDN@Sun?$AA@  0000000180010580     libucrt:nlsdata.obj
 0002:00001584       ??_C@_03PDAGKDH@Mon?$AA@   0000000180010584     libucrt:nlsdata.obj
 0002:00001588       ??_C@_03NAGEINEP@Tue?$AA@  0000000180010588     libucrt:nlsdata.obj
 0002:0000158c       ??_C@_03MHOMLAJA@Wed?$AA@  000000018001058c     libucrt:nlsdata.obj
 0002:00001590       ??_C@_03IOFIKPDN@Thu?$AA@  0000000180010590     libucrt:nlsdata.obj
 0002:00001594       ??_C@_03IDIOELNC@Fri?$AA@  0000000180010594     libucrt:nlsdata.obj
 0002:00001598       ??_C@_03FEFJNEK@Sat?$AA@   0000000180010598     libucrt:nlsdata.obj
 0002:0000159c       ??_C@_06OOPIFAJ@Sunday?$AA@ 000000018001059c     libucrt:nlsdata.obj
 0002:000015a4       ??_C@_06JLEDEDGH@Monday?$AA@ 00000001800105a4     libucrt:nlsdata.obj
 0002:000015b0       ??_C@_07BAAGCFCM@Tuesday?$AA@ 00000001800105b0     libucrt:nlsdata.obj
 0002:000015b8       ??_C@_09DLIGFAKA@Wednesday?$AA@ 00000001800105b8     libucrt:nlsdata.obj
 0002:000015c8       ??_C@_08HACCIKIA@Thursday?$AA@ 00000001800105c8     libucrt:nlsdata.obj
 0002:000015d4       ??_C@_06JECMNKMI@Friday?$AA@ 00000001800105d4     libucrt:nlsdata.obj
 0002:000015e0       ??_C@_08INBOOONO@Saturday?$AA@ 00000001800105e0     libucrt:nlsdata.obj
 0002:000015ec       ??_C@_03JIHJHPIE@Jan?$AA@  00000001800105ec     libucrt:nlsdata.obj
 0002:000015f0       ??_C@_03HJBDCHOM@Feb?$AA@  00000001800105f0     libucrt:nlsdata.obj
 0002:000015f4       ??_C@_03ODNJBKGA@Mar?$AA@  00000001800105f4     libucrt:nlsdata.obj
 0002:000015f8       ??_C@_03LEOLGMJP@Apr?$AA@  00000001800105f8     libucrt:nlsdata.obj
 0002:000015fc       ??_C@_03CNMDKL@May?$AA@    00000001800105fc     libucrt:nlsdata.obj
 0002:00001600       ??_C@_03IDFGHECI@Jun?$AA@  0000000180010600     libucrt:nlsdata.obj
 0002:00001604       ??_C@_03LBGABGKK@Jul?$AA@  0000000180010604     libucrt:nlsdata.obj
 0002:00001608       ??_C@_03IFJFEIGA@Aug?$AA@  0000000180010608     libucrt:nlsdata.obj
 0002:0000160c       ??_C@_03GGCAPAJC@Sep?$AA@  000000018001060c     libucrt:nlsdata.obj
 0002:00001610       ??_C@_03BMAOKBAD@Oct?$AA@  0000000180010610     libucrt:nlsdata.obj
 0002:00001614       ??_C@_03JPJOFNIA@Nov?$AA@  0000000180010614     libucrt:nlsdata.obj
 0002:00001618       ??_C@_03MKABNOCG@Dec?$AA@  0000000180010618     libucrt:nlsdata.obj
 0002:00001620       ??_C@_07CGJPFGJA@January?$AA@ 0000000180010620     libucrt:nlsdata.obj
 0002:00001628       ??_C@_08GNJGEPFN@February?$AA@ 0000000180010628     libucrt:nlsdata.obj
 0002:00001634       ??_C@_05HPCKOFNC@March?$AA@ 0000000180010634     libucrt:nlsdata.obj
 0002:0000163c       ??_C@_05DMJDNLEJ@April?$AA@ 000000018001063c     libucrt:nlsdata.obj
 0002:00001644       ??_C@_04CNLMGBGM@June?$AA@ 0000000180010644     libucrt:nlsdata.obj
 0002:0000164c       ??_C@_04MIEPOIFP@July?$AA@ 000000018001064c     libucrt:nlsdata.obj
 0002:00001654       ??_C@_06LBBHFDDG@August?$AA@ 0000000180010654     libucrt:nlsdata.obj
 0002:00001660       ??_C@_09BHHEALKD@September?$AA@ 0000000180010660     libucrt:nlsdata.obj
 0002:00001670       ??_C@_07JJNFCEND@October?$AA@ 0000000180010670     libucrt:nlsdata.obj
 0002:00001678       ??_C@_08HCHEGEOA@November?$AA@ 0000000180010678     libucrt:nlsdata.obj
 0002:00001688       ??_C@_08EDHMEBNP@December?$AA@ 0000000180010688     libucrt:nlsdata.obj
 0002:00001694       ??_C@_02DEDBPAFC@AM?$AA@   0000000180010694     libucrt:nlsdata.obj
 0002:00001698       ??_C@_02CJNFDJBF@PM?$AA@   0000000180010698     libucrt:nlsdata.obj
 0002:000016a0       ??_C@_08BPBNCDIB@MM?1dd?1yy?$AA@ 00000001800106a0     libucrt:nlsdata.obj
 0002:000016b0       ??_C@_0BE@CKGJFCPC@dddd?0?5MMMM?5dd?0?5yyyy?$AA@ 00000001800106b0     libucrt:nlsdata.obj
 0002:000016c8       ??_C@_08JCCMCCIL@HH?3mm?3ss?$AA@ 00000001800106c8     libucrt:nlsdata.obj
 0002:000016d8       ??_C@_17MBGCMIPB@?$AAS?$AAu?$AAn?$AA?$AA@ 00000001800106d8     libucrt:nlsdata.obj
 0002:000016e0       ??_C@_17KBOMKBF@?$AAM?$AAo?$AAn?$AA?$AA@ 00000001800106e0     libucrt:nlsdata.obj
 0002:000016e8       ??_C@_17BMKGEGOJ@?$AAT?$AAu?$AAe?$AA?$AA@ 00000001800106e8     libucrt:nlsdata.obj
 0002:000016f0       ??_C@_17CJEDCEPE@?$AAW?$AAe?$AAd?$AA?$AA@ 00000001800106f0     libucrt:nlsdata.obj
 0002:000016f8       ??_C@_17PDPHAADD@?$AAT?$AAh?$AAu?$AA?$AA@ 00000001800106f8     libucrt:nlsdata.obj
 0002:00001700       ??_C@_17HFOLPPLP@?$AAF?$AAr?$AAi?$AA?$AA@ 0000000180010700     libucrt:nlsdata.obj
 0002:00001708       ??_C@_17GGIBDPIH@?$AAS?$AAa?$AAt?$AA?$AA@ 0000000180010708     libucrt:nlsdata.obj
 0002:00001710       ??_C@_1O@IHNHDHPB@?$AAS?$AAu?$AAn?$AAd?$AAa?$AAy?$AA?$AA@ 0000000180010710     libucrt:nlsdata.obj
 0002:00001720       ??_C@_1O@MMNBFLIA@?$AAM?$AAo?$AAn?$AAd?$AAa?$AAy?$AA?$AA@ 0000000180010720     libucrt:nlsdata.obj
 0002:00001730       ??_C@_1BA@ENFBFFEK@?$AAT?$AAu?$AAe?$AAs?$AAd?$AAa?$AAy?$AA?$AA@ 0000000180010730     libucrt:nlsdata.obj
 0002:00001740       ??_C@_1BE@EBOGMDOH@?$AAW?$AAe?$AAd?$AAn?$AAe?$AAs?$AAd?$AAa?$AAy?$AA?$AA@ 0000000180010740     libucrt:nlsdata.obj
 0002:00001758       ??_C@_1BC@HHMNLIHE@?$AAT?$AAh?$AAu?$AAr?$AAs?$AAd?$AAa?$AAy?$AA?$AA@ 0000000180010758     libucrt:nlsdata.obj
 0002:00001770       ??_C@_1O@PDICJHAG@?$AAF?$AAr?$AAi?$AAd?$AAa?$AAy?$AA?$AA@ 0000000180010770     libucrt:nlsdata.obj
 0002:00001780       ??_C@_1BC@ENMNNPAJ@?$AAS?$AAa?$AAt?$AAu?$AAr?$AAd?$AAa?$AAy?$AA?$AA@ 0000000180010780     libucrt:nlsdata.obj
 0002:00001798       ??_C@_17DKNBKCHM@?$AAJ?$AAa?$AAn?$AA?$AA@ 0000000180010798     libucrt:nlsdata.obj
 0002:000017a0       ??_C@_17LMDJEKJN@?$AAF?$AAe?$AAb?$AA?$AA@ 00000001800107a0     libucrt:nlsdata.obj
 0002:000017a8       ??_C@_17CKNLEDEC@?$AAM?$AAa?$AAr?$AA?$AA@ 00000001800107a8     libucrt:nlsdata.obj
 0002:000017b0       ??_C@_17LFPOIHDD@?$AAA?$AAp?$AAr?$AA?$AA@ 00000001800107b0     libucrt:nlsdata.obj
 0002:000017b8       ??_C@_17PNNKMEED@?$AAM?$AAa?$AAy?$AA?$AA@ 00000001800107b8     libucrt:nlsdata.obj
 0002:000017c0       ??_C@_17KCJGOCPB@?$AAJ?$AAu?$AAn?$AA?$AA@ 00000001800107c0     libucrt:nlsdata.obj
 0002:000017c8       ??_C@_17IJPCKHK@?$AAJ?$AAu?$AAl?$AA?$AA@ 00000001800107c8     libucrt:nlsdata.obj
 0002:000017d0       ??_C@_17ICPELBCN@?$AAA?$AAu?$AAg?$AA?$AA@ 00000001800107d0     libucrt:nlsdata.obj
 0002:000017d8       ??_C@_17HCHCOKMG@?$AAS?$AAe?$AAp?$AA?$AA@ 00000001800107d8     libucrt:nlsdata.obj
 0002:000017e0       ??_C@_17FNLKOI@?$AAO?$AAc?$AAt?$AA?$AA@ 00000001800107e0     libucrt:nlsdata.obj
 0002:000017e8       ??_C@_17BBDMLCIG@?$AAN?$AAo?$AAv?$AA?$AA@ 00000001800107e8     libucrt:nlsdata.obj
 0002:000017f0       ??_C@_17EGKACKIF@?$AAD?$AAe?$AAc?$AA?$AA@ 00000001800107f0     libucrt:nlsdata.obj
 0002:000017f8       ??_C@_1BA@EFMEIEBA@?$AAJ?$AAa?$AAn?$AAu?$AAa?$AAr?$AAy?$AA?$AA@ 00000001800107f8     libucrt:nlsdata.obj
 0002:00001808       ??_C@_1BC@JGDDFFAM@?$AAF?$AAe?$AAb?$AAr?$AAu?$AAa?$AAr?$AAy?$AA?$AA@ 0000000180010808     libucrt:nlsdata.obj
 0002:00001820       ??_C@_1M@IKEENEDF@?$AAM?$AAa?$AAr?$AAc?$AAh?$AA?$AA@ 0000000180010820     libucrt:nlsdata.obj
 0002:00001830       ??_C@_1M@GJNLMHFD@?$AAA?$AAp?$AAr?$AAi?$AAl?$AA?$AA@ 0000000180010830     libucrt:nlsdata.obj
 0002:00001840       ??_C@_19EPFLPGAP@?$AAJ?$AAu?$AAn?$AAe?$AA?$AA@ 0000000180010840     libucrt:nlsdata.obj
 0002:00001850       ??_C@_19BIFMLPCD@?$AAJ?$AAu?$AAl?$AAy?$AA?$AA@ 0000000180010850     libucrt:nlsdata.obj
 0002:00001860       ??_C@_1O@PAHLKOAC@?$AAA?$AAu?$AAg?$AAu?$AAs?$AAt?$AA?$AA@ 0000000180010860     libucrt:nlsdata.obj
 0002:00001870       ??_C@_1BE@DKAAMBJL@?$AAS?$AAe?$AAp?$AAt?$AAe?$AAm?$AAb?$AAe?$AAr?$AA?$AA@ 0000000180010870     libucrt:nlsdata.obj
 0002:00001888       ??_C@_1BA@EPANDLNG@?$AAO?$AAc?$AAt?$AAo?$AAb?$AAe?$AAr?$AA?$AA@ 0000000180010888     libucrt:nlsdata.obj
 0002:00001898       ??_C@_1BC@BGLIFPF@?$AAN?$AAo?$AAv?$AAe?$AAm?$AAb?$AAe?$AAr?$AA?$AA@ 0000000180010898     libucrt:nlsdata.obj
 0002:000018b0       ??_C@_1BC@FEMKIFH@?$AAD?$AAe?$AAc?$AAe?$AAm?$AAb?$AAe?$AAr?$AA?$AA@ 00000001800108b0     libucrt:nlsdata.obj
 0002:000018c4       ??_C@_15ODEHAHHF@?$AAA?$AAM?$AA?$AA@ 00000001800108c4     libucrt:nlsdata.obj
 0002:000018cc       ??_C@_15CLMNNGEL@?$AAP?$AAM?$AA?$AA@ 00000001800108cc     libucrt:nlsdata.obj
 0002:000018d8       ??_C@_1BC@IEBCMHCM@?$AAM?$AAM?$AA?1?$AAd?$AAd?$AA?1?$AAy?$AAy?$AA?$AA@ 00000001800108d8     libucrt:nlsdata.obj
 0002:000018f0       ??_C@_1CI@KNAKOEBC@?$AAd?$AAd?$AAd?$AAd?$AA?0?$AA?5?$AAM?$AAM?$AAM?$AAM?$AA?5?$AAd?$AAd?$AA?0?$AA?5?$AAy?$AAy?$AAy?$AAy?$AA?$AA@ 00000001800108f0     libucrt:nlsdata.obj
 0002:00001918       ??_C@_1BC@GDGBMEMK@?$AAH?$AAH?$AA?3?$AAm?$AAm?$AA?3?$AAs?$AAs?$AA?$AA@ 0000000180010918     libucrt:nlsdata.obj
 0002:00001930       ??_C@_1M@BMHNFIME@?$AAe?$AAn?$AA?9?$AAU?$AAS?$AA?$AA@ 0000000180010930     libucrt:nlsdata.obj
 0002:000019e0       ??_C@_1EG@CNNIPFIM@?$AAa?$AAp?$AAi?$AA?9?$AAm?$AAs?$AA?9?$AAw?$AAi?$AAn?$AA?9?$AAa?$AAp?$AAp?$AAm?$AAo?$AAd?$AAe?$AAl?$AA?9?$AAr?$AAu?$AAn?$AAt?$AAi?$AAm?$AAe?$AA?9?$AAl?$AA1?$AA?9?$AA1@ 00000001800109e0     libucrt:winapi_thunks.obj
 0002:00001a30       ??_C@_1EA@JGEFHKEI@?$AAa?$AAp?$AAi?$AA?9?$AAm?$AAs?$AA?9?$AAw?$AAi?$AAn?$AA?9?$AAc?$AAo?$AAr?$AAe?$AA?9?$AAd?$AAa?$AAt?$AAe?$AAt?$AAi?$AAm?$AAe?$AA?9?$AAl?$AA1?$AA?9?$AA1?$AA?9?$AA1?$AA?$AA@ 0000000180010a30     libucrt:winapi_thunks.obj
 0002:00001a70       ??_C@_1DI@GCIAAENM@?$AAa?$AAp?$AAi?$AA?9?$AAm?$AAs?$AA?9?$AAw?$AAi?$AAn?$AA?9?$AAc?$AAo?$AAr?$AAe?$AA?9?$AAf?$AAi?$AAl?$AAe?$AA?9?$AAl?$AA2?$AA?9?$AA1?$AA?9?$AA1?$AA?$AA@ 0000000180010a70     libucrt:winapi_thunks.obj
 0002:00001ab0       ??_C@_1EI@MPIAOHOC@?$AAa?$AAp?$AAi?$AA?9?$AAm?$AAs?$AA?9?$AAw?$AAi?$AAn?$AA?9?$AAc?$AAo?$AAr?$AAe?$AA?9?$AAl?$AAo?$AAc?$AAa?$AAl?$AAi?$AAz?$AAa?$AAt?$AAi?$AAo?$AAn?$AA?9?$AAl?$AA1?$AA?9@ 0000000180010ab0     libucrt:winapi_thunks.obj
 0002:00001b00       ??_C@_1FK@FPHCKFIE@?$AAa?$AAp?$AAi?$AA?9?$AAm?$AAs?$AA?9?$AAw?$AAi?$AAn?$AA?9?$AAc?$AAo?$AAr?$AAe?$AA?9?$AAl?$AAo?$AAc?$AAa?$AAl?$AAi?$AAz?$AAa?$AAt?$AAi?$AAo?$AAn?$AA?9?$AAo?$AAb?$AAs@ 0000000180010b00     libucrt:winapi_thunks.obj
 0002:00001b60       ??_C@_1EM@DILCGIIO@?$AAa?$AAp?$AAi?$AA?9?$AAm?$AAs?$AA?9?$AAw?$AAi?$AAn?$AA?9?$AAc?$AAo?$AAr?$AAe?$AA?9?$AAp?$AAr?$AAo?$AAc?$AAe?$AAs?$AAs?$AAt?$AAh?$AAr?$AAe?$AAa?$AAd?$AAs?$AA?9?$AAl@ 0000000180010b60     libucrt:winapi_thunks.obj
 0002:00001bb0       ??_C@_1DM@LNCGDDPN@?$AAa?$AAp?$AAi?$AA?9?$AAm?$AAs?$AA?9?$AAw?$AAi?$AAn?$AA?9?$AAc?$AAo?$AAr?$AAe?$AA?9?$AAs?$AAt?$AAr?$AAi?$AAn?$AAg?$AA?9?$AAl?$AA1?$AA?9?$AA1?$AA?9?$AA0?$AA?$AA@ 0000000180010bb0     libucrt:winapi_thunks.obj
 0002:00001bf0       ??_C@_1DO@FPAPJEMD@?$AAa?$AAp?$AAi?$AA?9?$AAm?$AAs?$AA?9?$AAw?$AAi?$AAn?$AA?9?$AAc?$AAo?$AAr?$AAe?$AA?9?$AAs?$AAy?$AAs?$AAi?$AAn?$AAf?$AAo?$AA?9?$AAl?$AA1?$AA?9?$AA2?$AA?9?$AA1?$AA?$AA@ 0000000180010bf0     libucrt:winapi_thunks.obj
 0002:00001c30       ??_C@_1DK@NDHNAHIO@?$AAa?$AAp?$AAi?$AA?9?$AAm?$AAs?$AA?9?$AAw?$AAi?$AAn?$AA?9?$AAc?$AAo?$AAr?$AAe?$AA?9?$AAw?$AAi?$AAn?$AAr?$AAt?$AA?9?$AAl?$AA1?$AA?9?$AA1?$AA?9?$AA0?$AA?$AA@ 0000000180010c30     libucrt:winapi_thunks.obj
 0002:00001c70       ??_C@_1DM@KGHDGBCM@?$AAa?$AAp?$AAi?$AA?9?$AAm?$AAs?$AA?9?$AAw?$AAi?$AAn?$AA?9?$AAc?$AAo?$AAr?$AAe?$AA?9?$AAx?$AAs?$AAt?$AAa?$AAt?$AAe?$AA?9?$AAl?$AA2?$AA?9?$AA1?$AA?9?$AA0?$AA?$AA@ 0000000180010c70     libucrt:winapi_thunks.obj
 0002:00001cb0       ??_C@_1EO@IJIOEFOH@?$AAa?$AAp?$AAi?$AA?9?$AAm?$AAs?$AA?9?$AAw?$AAi?$AAn?$AA?9?$AAr?$AAt?$AAc?$AAo?$AAr?$AAe?$AA?9?$AAn?$AAt?$AAu?$AAs?$AAe?$AAr?$AA?9?$AAw?$AAi?$AAn?$AAd?$AAo?$AAw?$AA?9@ 0000000180010cb0     libucrt:winapi_thunks.obj
 0002:00001d00       ??_C@_1FG@HHGEKANL@?$AAa?$AAp?$AAi?$AA?9?$AAm?$AAs?$AA?9?$AAw?$AAi?$AAn?$AA?9?$AAs?$AAe?$AAc?$AAu?$AAr?$AAi?$AAt?$AAy?$AA?9?$AAs?$AAy?$AAs?$AAt?$AAe?$AAm?$AAf?$AAu?$AAn?$AAc?$AAt?$AAi@ 0000000180010d00     libucrt:winapi_thunks.obj
 0002:00001d60       ??_C@_1FG@NCKKOLKO@?$AAe?$AAx?$AAt?$AA?9?$AAm?$AAs?$AA?9?$AAw?$AAi?$AAn?$AA?9?$AAk?$AAe?$AAr?$AAn?$AAe?$AAl?$AA3?$AA2?$AA?9?$AAp?$AAa?$AAc?$AAk?$AAa?$AAg?$AAe?$AA?9?$AAc?$AAu?$AAr?$AAr@ 0000000180010d60     libucrt:winapi_thunks.obj
 0002:00001dc0       ??_C@_1EG@DBIOJECG@?$AAe?$AAx?$AAt?$AA?9?$AAm?$AAs?$AA?9?$AAw?$AAi?$AAn?$AA?9?$AAn?$AAt?$AAu?$AAs?$AAe?$AAr?$AA?9?$AAd?$AAi?$AAa?$AAl?$AAo?$AAg?$AAb?$AAo?$AAx?$AA?9?$AAl?$AA1?$AA?9?$AA1@ 0000000180010dc0     libucrt:winapi_thunks.obj
 0002:00001e10       ??_C@_1EO@FIHMJCLF@?$AAe?$AAx?$AAt?$AA?9?$AAm?$AAs?$AA?9?$AAw?$AAi?$AAn?$AA?9?$AAn?$AAt?$AAu?$AAs?$AAe?$AAr?$AA?9?$AAw?$AAi?$AAn?$AAd?$AAo?$AAw?$AAs?$AAt?$AAa?$AAt?$AAi?$AAo?$AAn?$AA?9@ 0000000180010e10     libucrt:winapi_thunks.obj
 0002:00001e60       ??_C@_1O@BCCLBEOE@?$AAu?$AAs?$AAe?$AAr?$AA3?$AA2?$AA?$AA@ 0000000180010e60     libucrt:winapi_thunks.obj
 0002:00001e98       ??_C@_0BE@JOGNEJCI@GetCurrentPackageId?$AA@ 0000000180010e98     libucrt:winapi_thunks.obj
 0002:00001ec0       ??_C@_0O@KKBNKAPF@LCMapStringEx?$AA@ 0000000180010ec0     libucrt:winapi_thunks.obj
 0002:00001ed8       ??_C@_0BB@HBDEELFH@LocaleNameToLCID?$AA@ 0000000180010ed8     libucrt:winapi_thunks.obj
 0002:00001f10       ??_C@_1M@HPNHIDJI@?$AAj?$AAa?$AA?9?$AAJ?$AAP?$AA?$AA@ 0000000180010f10     libucrt:mbctype.obj
 0002:00001f20       ??_C@_1M@BIBDDEMK@?$AAz?$AAh?$AA?9?$AAC?$AAN?$AA?$AA@ 0000000180010f20     libucrt:mbctype.obj
 0002:00001f30       ??_C@_1M@JLOOOEGK@?$AAk?$AAo?$AA?9?$AAK?$AAR?$AA?$AA@ 0000000180010f30     libucrt:mbctype.obj
 0002:00001f40       ??_C@_1M@CLNBBOPM@?$AAz?$AAh?$AA?9?$AAT?$AAW?$AA?$AA@ 0000000180010f40     libucrt:mbctype.obj
 0002:00001f50       __newctype                 0000000180010f50     libucrt:ctype.obj
 0002:00002250       __newclmap                 0000000180011250     libucrt:ctype.obj
 0002:000023d0       __newcumap                 00000001800113d0     libucrt:ctype.obj
[...]
 0004:000009d8       $pdata$?setSBUpLow@@YAXPEAU__crt_multibyte_data@@@Z 000000018001c9d8     libucrt:mbctype.obj
 0004:000009e4       $pdata$?setmbcp_internal@@YAHH_N@Z 000000018001c9e4     libucrt:mbctype.obj
 0004:000009f0       $pdata$__acrt_initialize_multibyte 000000018001c9f0     libucrt:mbctype.obj
 0004:000009fc       $pdata$__acrt_update_thread_multibyte_data 000000018001c9fc     libucrt:mbctype.obj
 0004:00000a08       $pdata$_setmbcp_nolock     000000018001ca08     libucrt:mbctype.obj
 0004:00000a14       $pdata$?x_ismbbtype_l@@YAHPEAU__crt_locale_pointers@@IHH@Z 000000018001ca14     libucrt:ismbbyte.obj
 0004:00000a20       $pdata$__acrt_initialize_command_line 000000018001ca20     libucrt:argv_data.obj
 0004:00000a2c       $pdata$__dcrt_get_narrow_environment_from_os 000000018001ca2c     libucrt:get_environment_from_os.obj
 0004:00000a38       $pdata$_recalloc_base      000000018001ca38     libucrt:recalloc.obj
 0004:00000a44       $pdata$__acrt_initialize_heap 000000018001ca44     libucrt:heap_handle.obj
 0004:00000a50       $pdata$?initialize_inherited_file_handles_nolock@@YAXXZ 000000018001ca50     libucrt:ioinit.obj
 0004:00000a5c       $pdata$?initialize_stdio_handles_nolock@@YAXXZ 000000018001ca5c     libucrt:ioinit.obj
 0004:00000a68       $pdata$__acrt_initialize_lowio 000000018001ca68     libucrt:ioinit.obj
 0004:00000a74       $pdata$__acrt_uninitialize_lowio 000000018001ca74     libucrt:ioinit.obj
 0004:00000a80       $pdata$__acrt_execute_initializers 000000018001ca80     libucrt:shared_initialization.obj
 0004:00000a8c       $pdata$__acrt_execute_uninitializers 000000018001ca8c     libucrt:shared_initialization.obj
 0004:00000a98       $pdata$??$?RV<lambda_c36588078e9f5dfd39652860aa6b3aaf>@@AEAV<lambda_ec61778202f4f5fc7e7711acc23c3bca>@@V<lambda_dc9d2797ccde5d239b4a0efae8ebd7db>@@@?$__crt_seh_guarded_call@P6AXH@Z@@QEAAP6AXH@Z$$QEAV<lambda_c36588078e9f5dfd39652860aa6b3aaf>@@AEAV<lambda_ec61778202f4f5fc7e7711acc23c3bca>@@$$QEAV<lambda_dc9d2797ccde5d239b4a0efae8ebd7db>@@@Z 000000018001ca98     libucrt:signal.obj
 0004:00000aa4       $pdata$__acrt_get_sigabrt_handler 000000018001caa4     libucrt:signal.obj
 0004:00000ab0       $pdata$raise               000000018001cab0     libucrt:signal.obj
 0004:00000abc       $pdata$__acrt_invoke_user_matherr 000000018001cabc     libucrt:matherr.obj
 0004:00000ac8       $pdata$_mbtowc_l           000000018001cac8     libucrt:mbtowc.obj
 0004:00000ad4       $pdata$_fileno             000000018001cad4     libucrt:fileno.obj
 0004:00000ae0       $pdata$__acrt_initialize_stdio 000000018001cae0     libucrt:_file.obj
 0004:00000aec       $pdata$__acrt_uninitialize_stdio 000000018001caec     libucrt:_file.obj
 0004:00000af8       $pdata$__pctype_func       000000018001caf8     libucrt:ctype.obj
 0004:00000b04       $pdata$_isctype_l          000000018001cb04     libucrt:isctype.obj
 0004:00000b10       $pdata$__acrt_free_locale  000000018001cb10     libucrt:locale_refcounting.obj
 0004:00000b1c       $pdata$__acrt_locale_free_lc_time_if_unreferenced 000000018001cb1c     libucrt:locale_refcounting.obj
 0004:00000b28       $pdata$__acrt_release_locale_ref 000000018001cb28     libucrt:locale_refcounting.obj
 0004:00000b34       $pdata$__acrt_update_thread_locale_data 000000018001cb34     libucrt:locale_refcounting.obj
 0004:00000b40       $pdata$_updatetlocinfoEx_nolock 000000018001cb40     libucrt:locale_refcounting.obj
 0004:00000b4c       $pdata$_isleadbyte_l       000000018001cb4c     libucrt:_wctype.obj
 0004:00000b58       $pdata$?__acrt_LCMapStringA_stat@@YAHPEAU__crt_locale_pointers@@PEB_WKPEBDHPEADHHH@Z 000000018001cb58     libucrt:lcmapstringa.obj
 0004:00000b64       $pdata$__acrt_LCMapStringA 000000018001cb64     libucrt:lcmapstringa.obj
 0004:00000b70       $pdata$__acrt_locale_free_monetary 000000018001cb70     libucrt:initmon.obj
 0004:00000b7c       $pdata$__acrt_locale_free_numeric 000000018001cb7c     libucrt:initnum.obj
 0004:00000b88       $pdata$?free_crt_array_internal@@YAXQEAPEBX_K@Z 000000018001cb88     libucrt:inittime.obj
 0004:00000b94       $pdata$__acrt_locale_free_time 000000018001cb94     libucrt:inittime.obj
 0004:00000ba0       $pdata$__acrt_GetStringTypeA 000000018001cba0     libucrt:getstringtypea.obj
 0004:00000bac       $pdata$?GetTableIndexFromLocaleName@@YAHPEB_W@Z 000000018001cbac     libucrt:lcidtoname_downlevel.obj
 0004:00000bb8       $pdata$__acrt_DownlevelLocaleNameToLCID 000000018001cbb8     libucrt:lcidtoname_downlevel.obj
 0004:00000bc4       $pdata$?shortsort@@YAXPEAD0_KP6AHPEBX2@Z@Z 000000018001cbc4     libucrt:qsort.obj
 0004:00000bd0       $pdata$2$?shortsort@@YAXPEAD0_KP6AHPEBX2@Z@Z 000000018001cbd0     libucrt:qsort.obj
 0004:00000bdc       $pdata$3$?shortsort@@YAXPEAD0_KP6AHPEBX2@Z@Z 000000018001cbdc     libucrt:qsort.obj
 0004:00000be8       $pdata$qsort               000000018001cbe8     libucrt:qsort.obj
 0004:00000bf4       $pdata$4$qsort             000000018001cbf4     libucrt:qsort.obj
 0004:00000c00       $pdata$5$qsort             000000018001cc00     libucrt:qsort.obj
 0004:00000c0c       $pdata$strncpy_s           000000018001cc0c     libucrt:strncpy_s.obj
 0004:00000c18       $pdata$strpbrk             000000018001cc18     libucrt:strpbrk.obj
 0004:00000c24       $pdata$_mbsdec_l           000000018001cc24     libucrt:mbsdec.obj
 0004:00000c30       $pdata$?initialize_multibyte@@YAHXZ 000000018001cc30     libucrt:multibyte_initializer.obj
 0004:00000c3c       $pdata$_msize              000000018001cc3c     libucrt:msize.obj
 0004:00000c48       $pdata$_realloc_base       000000018001cc48     libucrt:realloc_base.obj
 0004:00000c54       $pdata$__acrt_lowio_create_handle_array 000000018001cc54     libucrt:osfinfo.obj
 0004:00000c60       $pdata$__acrt_lowio_destroy_handle_array 000000018001cc60     libucrt:osfinfo.obj
 0004:00000c6c       $pdata$__acrt_lowio_ensure_fh_exists 000000018001cc6c     libucrt:osfinfo.obj
 0004:00000c78       $pdata$_free_osfhnd        000000018001cc78     libucrt:osfinfo.obj
 0004:00000c84       $pdata$_get_osfhandle      000000018001cc84     libucrt:osfinfo.obj
 0004:00000c90       $pdata$_isatty             000000018001cc90     libucrt:isatty.obj
 0004:00000c9c       $pdata$__acrt_stdio_flush_nolock 000000018001cc9c     libucrt:fflush.obj
 0004:00000ca8       $pdata$_fflush_nolock      000000018001cca8     libucrt:fflush.obj
 0004:00000cb4       $pdata$common_flush_all    000000018001ccb4     libucrt:fflush.obj
 0004:00000cc0       $pdata$_fcloseall          000000018001ccc0     libucrt:closeall.obj
 0004:00000ccc       $pdata$__acrt_stdio_free_buffer_nolock 000000018001cccc     libucrt:_freebuf.obj
 0004:00000cd8       $pdata$??$?RV<lambda_b521505b218e5242e90febf6bfebc422>@@AEAV<lambda_6978c1fb23f02e42e1d9e99668cc68aa>@@V<lambda_314360699dd331753a4119843814e9a7>@@@?$__crt_seh_guarded_call@H@@QEAAH$$QEAV<lambda_b521505b218e5242e90febf6bfebc422>@@AEAV<lambda_6978c1fb23f02e42e1d9e99668cc68aa>@@$$QEAV<lambda_314360699dd331753a4119843814e9a7>@@@Z 000000018001ccd8     libucrt:commit.obj
 0004:00000ce4       $pdata$_commit             000000018001cce4     libucrt:commit.obj
 0004:00000cf0       $pdata$?write_double_translated_ansi_nolock@@YA?AUwrite_result@?A0x9c548279@@HQEBDI@Z 000000018001ccf0     libucrt:write.obj
 0004:00000cfc       $pdata$?write_text_ansi_nolock@@YA?AUwrite_result@?A0x9c548279@@HQEBDI@Z 000000018001ccfc     libucrt:write.obj
 0004:00000d08       $pdata$?write_text_utf16le_nolock@@YA?AUwrite_result@?A0x9c548279@@HQEBDI@Z 000000018001cd08     libucrt:write.obj
 0004:00000d14       $pdata$?write_text_utf8_nolock@@YA?AUwrite_result@?A0x9c548279@@HQEBDI@Z 000000018001cd14     libucrt:write.obj
 0004:00000d20       $pdata$_write              000000018001cd20     libucrt:write.obj
 0004:00000d2c       $pdata$_write_nolock       000000018001cd2c     libucrt:write.obj
 0004:00000d44       $pdata$??$common_lseek_nolock@_J@@YA_JH_JH@Z 000000018001cd44     libucrt:lseek.obj
 0004:00000d50       $pdata$_fclose_nolock      000000018001cd50     libucrt:fclose.obj
 0004:00000d5c       $pdata$fclose              000000018001cd5c     libucrt:fclose.obj
 0004:00000d68       $pdata$_putwch_nolock      000000018001cd68     libucrt:putwch.obj
 0004:00000d74       $pdata$_call_matherr       000000018001cd74     libucrt:libm_error.obj
 0004:00000d80       $pdata$_exception_enabled  000000018001cd80     libucrt:libm_error.obj
 0004:00000d8c       $pdata$_handle_error       000000018001cd8c     libucrt:libm_error.obj
 0004:00000d98       $pdata$__acrt_initialize_fma3 000000018001cd98     libucrt:fma3_available.obj
 0004:00000da4       $pdata$_log10_special      000000018001cda4     libucrt:log_special.obj
 0004:00000db0       $pdata$_log_special_common 000000018001cdb0     libucrt:log_special.obj
 0004:00000dbc       $pdata$??$?RV<lambda_bfedae4ebbf01fab1bb6dcc6a9e276e0>@@AEAV<lambda_2fe9b910cf3cbf4a0ab98a02ba45b3ec>@@V<lambda_237c231691f317818eb88cc1d5d642d6>@@@?$__crt_seh_guarded_call@H@@QEAAH$$QEAV<lambda_bfedae4ebbf01fab1bb6dcc6a9e276e0>@@AEAV<lambda_2fe9b910cf3cbf4a0ab98a02ba45b3ec>@@$$QEAV<lambda_237c231691f317818eb88cc1d5d642d6>@@@Z 000000018001cdbc     libucrt:close.obj
 0004:00000dc8       $pdata$_close              000000018001cdc8     libucrt:close.obj
 0004:00000dd4       $pdata$_close_nolock       000000018001cdd4     libucrt:close.obj
 0004:00000de0       $pdata$__dcrt_lowio_initialize_console_output 000000018001cde0     libucrt:initcon.obj
 0004:00000dec       $pdata$__dcrt_terminate_console_output 000000018001cdec     libucrt:initcon.obj
 0004:00000e04       $pdata$_raise_exc          000000018001ce04     libucrt:fpexcept.obj
 0004:00000e10       $pdata$_raise_exc_ex       000000018001ce10     libucrt:fpexcept.obj
 0004:00000e1c       $pdata$_set_errno_from_matherr 000000018001ce1c     libucrt:fpexcept.obj
 0004:00000e28       $pdata$_clrfp              000000018001ce28     libucrt:fpctrl.obj
 0004:00000e34       $pdata$_ctrlfp             000000018001ce34     libucrt:fpctrl.obj
 0004:00000e40       $pdata$_set_statfp         000000018001ce40     libucrt:fpctrl.obj
 0004:00000e4c       $pdata$_statfp             000000018001ce4c     libucrt:fpctrl.obj
 0004:00000e58       $pdata$?DloadAcquireSectionWriteAccess@@YAXXZ 000000018001ce58     DelayImp:delayhlp.obj
 0004:00000e64       $pdata$?DloadGetSRWLockFunctionPointers@@YAEXZ 000000018001ce64     DelayImp:delayhlp.obj
 0004:00000e70       $pdata$?DloadMakePermanentImageCommit@@YAXPEAX_K@Z 000000018001ce70     DelayImp:delayhlp.obj
 0004:00000e7c       $pdata$?DloadObtainSection@@YAPEAXPEAK0@Z 000000018001ce7c     DelayImp:delayhlp.obj
 0004:00000e88       $pdata$?DloadProtectSection@@YAXKPEAK@Z 000000018001ce88     DelayImp:delayhlp.obj
 0004:00000e94       $pdata$?DloadReleaseSectionWriteAccess@@YAXXZ 000000018001ce94     DelayImp:delayhlp.obj
 0004:00000ea0       $pdata$__delayLoadHelper2  000000018001cea0     DelayImp:delayhlp.obj
 0004:00000eac       $pdata$_IsNonwritableInCurrentImage 000000018001ceac     LIBCMT:pesect.obj
 0004:00000eb8       $pdata$__GSHandlerCheck    000000018001ceb8     LIBCMT:_gshandler_.obj
 0004:00000ec4       $pdata$__GSHandlerCheckCommon 000000018001cec4     LIBCMT:_gshandler_.obj
 0004:00000ef4       $pdata$?fin$0@?0??dllmain_crt_process_attach@@YAHQEAUHINSTANCE__@@QEAX@Z@4HA 000000018001cef4     LIBCMT:dll_dllmain.obj
 0004:00000f00       $pdata$?fin$0@?0??dllmain_crt_process_detach@@YAH_N@Z@4HA 000000018001cf00     LIBCMT:dll_dllmain.obj
 0004:00000f0c       $pdata$?filt$0@?0??dllmain_dispatch@@YAHQEAUHINSTANCE__@@KQEAX@Z@4HA 000000018001cf0c     LIBCMT:dll_dllmain.obj
 0004:00000f18       $pdata$__scrt_is_nonwritable_in_current_image$filt$0 000000018001cf18     LIBCMT:utility.obj
 0004:00000f24       $pdata$_query_new_handler$fin$0 000000018001cf24     libucrt:new_handler.obj
 0004:00000f30       $pdata$?filt$0@?0??common_exit@@YAXHW4_crt_exit_cleanup_mode@@W4_crt_exit_return_mode@@@Z@4HA 000000018001cf30     libucrt:exit.obj
 0004:00000f3c       $pdata$?fin$1@?0??common_exit@@YAXHW4_crt_exit_cleanup_mode@@W4_crt_exit_return_mode@@@Z@4HA 000000018001cf3c     libucrt:exit.obj
 0004:00000f48       $pdata$?fin$0@?0???$?RV<lambda_e24bbb7b643b32fcea6fa61b31d4c984>@@AEAV<lambda_275893d493268fdec8709772e3fcec0e>@@V<lambda_9d71df4d7cf3f480f8d633942495c3b0>@@@?$__crt_seh_guarded_call@H@@QEAAH$$QEAV<lambda_e24bbb7b643b32fcea6fa61b31d4c984>@@AEAV<lambda_275893d493268fdec8709772e3fcec0e>@@$$QEAV<lambda_9d71df4d7cf3f480f8d633942495c3b0>@@@Z@4HA 000000018001cf48     libucrt:onexit.obj
 0004:00000f54       $pdata$?fin$0@?0???$?RV<lambda_5e887d1dcbef67a5eb4283622ba103bf>@@AEAV<lambda_4466841279450cc726390878d4a41900>@@V<lambda_341c25c0346d94847f1f3c463c57e077>@@@?$__crt_seh_guarded_call@X@@QEAAX$$QEAV<lambda_5e887d1dcbef67a5eb4283622ba103bf>@@AEAV<lambda_4466841279450cc726390878d4a41900>@@$$QEAV<lambda_341c25c0346d94847f1f3c463c57e077>@@@Z@4HA 000000018001cf54     libucrt:per_thread_data.obj
 0004:00000f54       $pdata$?fin$0@?0???$?RV<lambda_c36588078e9f5dfd39652860aa6b3aaf>@@AEAV<lambda_ec61778202f4f5fc7e7711acc23c3bca>@@V<lambda_dc9d2797ccde5d239b4a0efae8ebd7db>@@@?$__crt_seh_guarded_call@P6AXH@Z@@QEAAP6AXH@Z$$QEAV<lambda_c36588078e9f5dfd39652860aa6b3aaf>@@AEAV<lambda_ec61778202f4f5fc7e7711acc23c3bca>@@$$QEAV<lambda_dc9d2797ccde5d239b4a0efae8ebd7db>@@@Z@4HA 000000018001cf54     libucrt:signal.obj
 0004:00000f54       $pdata$?fin$0@?0???$?RV<lambda_72d1df2b273a38828b1ce30cbf4cdab5>@@AEAV<lambda_876a65b173b8412d3a47c70a915b0cf4>@@V<lambda_41932305e351933ebe8f8be3ed8bb5dc>@@@?$__crt_seh_guarded_call@X@@QEAAX$$QEAV<lambda_72d1df2b273a38828b1ce30cbf4cdab5>@@AEAV<lambda_876a65b173b8412d3a47c70a915b0cf4>@@$$QEAV<lambda_41932305e351933ebe8f8be3ed8bb5dc>@@@Z@4HA 000000018001cf54     libucrt:per_thread_data.obj
 0004:00000f54       $pdata$?fin$0@?0???$?RV<lambda_b8c45f8f788dd370798f47cfe8ac3a86>@@AEAV<lambda_4e60a939b0d047cfe11ddc22648dfba9>@@V<lambda_332c3edc96d0294ec56c57d38c1cdfd5>@@@?$__crt_seh_guarded_call@H@@QEAAH$$QEAV<lambda_b8c45f8f788dd370798f47cfe8ac3a86>@@AEAV<lambda_4e60a939b0d047cfe11ddc22648dfba9>@@$$QEAV<lambda_332c3edc96d0294ec56c57d38c1cdfd5>@@@Z@4HA 000000018001cf54     libucrt:onexit.obj
 0004:00000f54       $pdata$?fin$0@?0???$?RV<lambda_99476a1ad63dd22509b5d3e65b0ffc95>@@AEAV<lambda_ad1ced32f4ac17aa236e5ef05d6b3b7c>@@V<lambda_f7424dd8d45958661754dc4f2697e9c3>@@@?$__crt_seh_guarded_call@X@@QEAAX$$QEAV<lambda_99476a1ad63dd22509b5d3e65b0ffc95>@@AEAV<lambda_ad1ced32f4ac17aa236e5ef05d6b3b7c>@@$$QEAV<lambda_f7424dd8d45958661754dc4f2697e9c3>@@@Z@4HA 000000018001cf54     libucrt:mbctype.obj
 0004:00000f54       $pdata$?fin$0@?0???$?RV<lambda_fb3a7dec4e47f37f22dae91bb15c9095>@@AEAV<lambda_698284760c8add0bfb0756c19673e34b>@@V<lambda_dfb8eca1e75fef3034a8fb18dd509707>@@@?$__crt_seh_guarded_call@X@@QEAAX$$QEAV<lambda_fb3a7dec4e47f37f22dae91bb15c9095>@@AEAV<lambda_698284760c8add0bfb0756c19673e34b>@@$$QEAV<lambda_dfb8eca1e75fef3034a8fb18dd509707>@@@Z@4HA 000000018001cf54     libucrt:per_thread_data.obj
 0004:00000f54       $pdata$?fin$0@?0???$?RV<lambda_46352004c1216016012b18bd6f87e700>@@AEAV<lambda_3bd07e1a1191394380780325891bf33f>@@V<lambda_334532d3f185bcaa59b5be82d7d22bff>@@@?$__crt_seh_guarded_call@X@@QEAAX$$QEAV<lambda_46352004c1216016012b18bd6f87e700>@@AEAV<lambda_3bd07e1a1191394380780325891bf33f>@@$$QEAV<lambda_334532d3f185bcaa59b5be82d7d22bff>@@@Z@4HA 000000018001cf54     libucrt:per_thread_data.obj
 0004:00000f60       $pdata$__acrt_uninitialize_locale$fin$0 000000018001cf60     libucrt:wsetlocale.obj
 0004:00000f60       $pdata$__acrt_update_thread_locale_data$fin$0 000000018001cf60     libucrt:locale_refcounting.obj
 0004:00000f6c       $pdata$__acrt_update_thread_multibyte_data$fin$0 000000018001cf6c     libucrt:mbctype.obj
 0004:00000f78       $pdata$raise$fin$0         000000018001cf78     libucrt:signal.obj
 0004:00000f84       $pdata$__acrt_lowio_ensure_fh_exists$fin$0 000000018001cf84     libucrt:osfinfo.obj
 0004:00000f84       $pdata$__acrt_initialize_lowio$fin$0 000000018001cf84     libucrt:ioinit.obj
 0004:00000f90       $pdata$common_flush_all$fin$0 000000018001cf90     libucrt:fflush.obj
 0004:00000f9c       $pdata$common_flush_all$fin$1 000000018001cf9c     libucrt:fflush.obj
 0004:00000fa8       $pdata$_fcloseall$fin$0    000000018001cfa8     libucrt:closeall.obj
 0004:00000fb4       $pdata$?fin$0@?0???$?RV<lambda_b521505b218e5242e90febf6bfebc422>@@AEAV<lambda_6978c1fb23f02e42e1d9e99668cc68aa>@@V<lambda_314360699dd331753a4119843814e9a7>@@@?$__crt_seh_guarded_call@H@@QEAAH$$QEAV<lambda_b521505b218e5242e90febf6bfebc422>@@AEAV<lambda_6978c1fb23f02e42e1d9e99668cc68aa>@@$$QEAV<lambda_314360699dd331753a4119843814e9a7>@@@Z@4HA 000000018001cfb4     libucrt:commit.obj
 0004:00000fb4       $pdata$?fin$0@?0???$?RV<lambda_bfedae4ebbf01fab1bb6dcc6a9e276e0>@@AEAV<lambda_2fe9b910cf3cbf4a0ab98a02ba45b3ec>@@V<lambda_237c231691f317818eb88cc1d5d642d6>@@@?$__crt_seh_guarded_call@H@@QEAAH$$QEAV<lambda_bfedae4ebbf01fab1bb6dcc6a9e276e0>@@AEAV<lambda_2fe9b910cf3cbf4a0ab98a02ba45b3ec>@@$$QEAV<lambda_237c231691f317818eb88cc1d5d642d6>@@@Z@4HA 000000018001cfb4     libucrt:close.obj
 0004:00000fc0       $pdata$_write$fin$0        000000018001cfc0     libucrt:write.obj
 0004:00000fcc       $pdata$fclose$fin$0        000000018001cfcc     libucrt:fclose.obj
 0004:00000fd8       $pdata$_ctrlfp$filt$0      000000018001cfd8     libucrt:fpctrl.obj
 0004:00000fe4       $pdata$_IsNonwritableInCurrentImage$filt$0 000000018001cfe4     LIBCMT:pesect.obj
 0005:00000000       __guard_fids__             000000018001d000     libucrt:initialization.obj
 0005:00000060       __guard_fids___acrt_initialize_ptd 000000018001d060     libucrt:per_thread_data.obj
 0005:00000064       __guard_fids_??$expand_argument_wildcards@D@@YAHQEAD0AEAV?$argument_list@D@?A0xca0879c4@@@Z 000000018001d064     libucrt:argv_wildcards.obj
 0005:00000068       __guard_fids__             000000018001d068     libucrt:locale_initializer.obj
 0005:0000006c       __guard_fids__             000000018001d06c     libucrt:multibyte_initializer.obj
 0005:00000070       __guard_fids__             000000018001d070     libucrt:stdio_initializer.obj
 0005:00000074       __guard_fids__             000000018001d074     libucrt:stdio_initializer.obj
 0005:00000078       __guard_fids__             000000018001d078     libucrt:fma3_initializer.obj
 0005:0000007c       __guard_fids__             000000018001d07c     libucrt:console_output_initializer.obj
 0005:00000080       __guard_fids__             000000018001d080     libcpmt:xthrow.obj
 0005:00000088       __guard_fids__             000000018001d088     libcpmt:xthrow.obj
 0005:00000090       __guard_fids__             000000018001d090     libcpmt:xthrow.obj
 0005:00000098       __guard_fids__             000000018001d098     libcpmt:xthrow.obj
 0005:000000a0       __guard_fids__             000000018001d0a0     libcpmt:xthrow.obj
 0005:000000a8       __guard_fids_?dllmain_crt_process_attach@@YAHQEAUHINSTANCE__@@QEAX@Z 000000018001d0a8     LIBCMT:dll_dllmain.obj
 0005:000000b0       __guard_fids_?dllmain_dispatch@@YAHQEAUHINSTANCE__@@KQEAX@Z 000000018001d0b0     LIBCMT:dll_dllmain.obj
 0005:000000b4       __guard_fids__             000000018001d0b4     LIBCMT:std_type_info_static.obj
 0005:000000b8       __guard_fids__             000000018001d0b8     LIBCMT:throw_bad_alloc.obj
 0005:000000c0       __guard_fids__             000000018001d0c0     LIBCMT:guard_support.obj
 0005:000000c4       __guard_fids___vcrt_initialize_ptd 000000018001d0c4     libvcruntime:per_thread_data.obj
 0006:00000060       $R000000                   000000018001e060     * linker generated manifest res *

 Exports

  ordinal    name

        1    _register_JavaAccessBridge_
